../Core/Src/main.c:66:13:uart_byte_available	56	static
../Core/Src/main.c:149:6:uart_process_command	16	static
../Core/Src/main.c:153:5:_write	24	static
../Core/Src/main.c:172:5:main	16	static
../Core/Src/main.c:223:6:SystemClock_Config	96	static
../Core/Src/main.c:269:13:MX_I2C1_Init	8	static
../Core/Src/main.c:317:13:MX_USART2_UART_Init	8	static
../Core/Src/main.c:350:13:MX_DMA_Init	16	static
../Core/Src/main.c:368:13:MX_GPIO_Init	56	static
../Core/Src/main.c:418:6:Error_Handler	8	static,ignoring_inline_asm
