../Core/Src/main.c:65:13:uart_byte_available	56	static
../Core/Src/main.c:140:6:uart_process_command	16	static
../Core/Src/main.c:144:5:_write	24	static
../Core/Src/main.c:163:5:main	16	static
../Core/Src/main.c:214:6:SystemClock_Config	96	static
../Core/Src/main.c:260:13:MX_I2C1_Init	8	static
../Core/Src/main.c:308:13:MX_USART2_UART_Init	8	static
../Core/Src/main.c:341:13:MX_DMA_Init	16	static
../Core/Src/main.c:359:13:MX_GPIO_Init	56	static
../Core/Src/main.c:409:6:Error_Handler	8	static,ignoring_inline_asm
