../drivers/fsl_powerquad.h:1740:20:PQ_WaitDone	16	static
../drivers/fsl_powerquad.h:1828:20:PQ_SinF32	24	static
../drivers/fsl_powerquad.h:1841:20:PQ_CosF32	24	static
../drivers/fsl_powerquad.h:1920:24:PQ_SqrtFixed	24	static
../drivers/fsl_powerquad.h:1968:23:PQ_SinQ31	40	static
../drivers/fsl_powerquad.h:2004:23:PQ_SinQ15	40	static
../drivers/fsl_powerquad.h:2042:23:PQ_CosQ31	40	static
../drivers/fsl_powerquad.h:2078:23:PQ_CosQ15	40	static
../drivers/fsl_powerquad_cmsis.c:97:13:_arm_fir_increment	24	static
../drivers/fsl_powerquad_cmsis.c:107:11:arm_cos_f32	24	static
../drivers/fsl_powerquad_cmsis.c:115:7:arm_cos_q31	16	static
../drivers/fsl_powerquad_cmsis.c:123:7:arm_cos_q15	16	static
../drivers/fsl_powerquad_cmsis.c:131:11:arm_sin_f32	24	static
../drivers/fsl_powerquad_cmsis.c:139:7:arm_sin_q31	16	static
../drivers/fsl_powerquad_cmsis.c:147:7:arm_sin_q15	16	static
../drivers/fsl_powerquad_cmsis.c:155:12:arm_sqrt_q31	24	static
../drivers/fsl_powerquad_cmsis.c:178:12:arm_sqrt_q15	24	static
../drivers/fsl_powerquad_cmsis.c:201:6:arm_cfft_q31	40	static
../drivers/fsl_powerquad_cmsis.c:223:6:arm_cfft_q15	40	static
../drivers/fsl_powerquad_cmsis.c:245:12:arm_rfft_init_q31	32	static
../drivers/fsl_powerquad_cmsis.c:267:6:arm_rfft_q31	32	static
../drivers/fsl_powerquad_cmsis.c:278:12:arm_rfft_init_q15	32	static
../drivers/fsl_powerquad_cmsis.c:300:6:arm_rfft_q15	32	static
../drivers/fsl_powerquad_cmsis.c:311:12:arm_dct4_init_q31	24	static
../drivers/fsl_powerquad_cmsis.c:367:6:arm_dct4_q31	72	static
../drivers/fsl_powerquad_cmsis.c:525:12:arm_dct4_init_q15	24	static
../drivers/fsl_powerquad_cmsis.c:582:6:arm_dct4_q15	72	static
../drivers/fsl_powerquad_cmsis.c:748:6:arm_fir_init_f32	32	static
../drivers/fsl_powerquad_cmsis.c:775:6:arm_fir_init_q31	32	static
../drivers/fsl_powerquad_cmsis.c:801:12:arm_fir_init_q15	32	static
../drivers/fsl_powerquad_cmsis.c:830:6:arm_fir_f32	56	static
../drivers/fsl_powerquad_cmsis.c:855:6:arm_fir_q31	56	static
../drivers/fsl_powerquad_cmsis.c:880:6:arm_fir_q15	56	static
../drivers/fsl_powerquad_cmsis.c:906:6:arm_conv_f32	40	static
../drivers/fsl_powerquad_cmsis.c:918:6:arm_conv_q31	40	static
../drivers/fsl_powerquad_cmsis.c:930:6:arm_conv_q15	40	static
../drivers/fsl_powerquad_cmsis.c:942:6:arm_correlate_f32	40	static
../drivers/fsl_powerquad_cmsis.c:954:6:arm_correlate_q31	40	static
../drivers/fsl_powerquad_cmsis.c:966:6:arm_correlate_q15	40	static
../drivers/fsl_powerquad_cmsis.c:978:6:arm_mat_init_f32	24	static
../drivers/fsl_powerquad_cmsis.c:990:6:arm_mat_init_q31	24	static
../drivers/fsl_powerquad_cmsis.c:1002:6:arm_mat_init_q15	24	static
../drivers/fsl_powerquad_cmsis.c:1014:12:arm_mat_add_f32	40	static
../drivers/fsl_powerquad_cmsis.c:1052:12:arm_mat_add_q31	40	static
../drivers/fsl_powerquad_cmsis.c:1090:12:arm_mat_add_q15	40	static
../drivers/fsl_powerquad_cmsis.c:1128:12:arm_mat_sub_f32	40	static
../drivers/fsl_powerquad_cmsis.c:1166:12:arm_mat_sub_q31	40	static
../drivers/fsl_powerquad_cmsis.c:1204:12:arm_mat_sub_q15	40	static
../drivers/fsl_powerquad_cmsis.c:1242:12:arm_mat_mult_f32	40	static
../drivers/fsl_powerquad_cmsis.c:1280:12:arm_mat_mult_q31	40	static
../drivers/fsl_powerquad_cmsis.c:1335:12:arm_mat_mult_q15	40	static
../drivers/fsl_powerquad_cmsis.c:1383:12:arm_mat_inverse_f32	4128	static
../drivers/fsl_powerquad_cmsis.c:1418:12:arm_mat_trans_f32	24	static
../drivers/fsl_powerquad_cmsis.c:1451:12:arm_mat_trans_q31	24	static
../drivers/fsl_powerquad_cmsis.c:1485:12:arm_mat_trans_q15	24	static
../drivers/fsl_powerquad_cmsis.c:1519:12:arm_mat_scale_f32	32	static
../drivers/fsl_powerquad_cmsis.c:1553:12:arm_mat_scale_q31	56	static
../drivers/fsl_powerquad_cmsis.c:1606:12:arm_mat_scale_q15	56	static
