C:\Users\TEMP\Documents\NXP_MKS\lpcxpresso55s69_hello_world\CMSIS/core_cm33.h:2183:22:__NVIC_EnableIRQ	16	static
C:\Users\TEMP\Documents\NXP_MKS\lpcxpresso55s69_hello_world\CMSIS/core_cm33.h:2219:22:__NVIC_DisableIRQ	16	static
../drivers/fsl_clock.h:781:20:CLOCK_EnableClock	24	static
../drivers/fsl_clock.h:791:20:CLOCK_DisableClock	24	static
../drivers/fsl_common.h:419:28:EnableIRQ	16	static
../drivers/fsl_common.h:457:28:DisableIRQ	16	static
../drivers/fsl_ctimer.h:423:24:CTIMER_GetStatusFlags	16	static
../drivers/fsl_ctimer.h:435:20:CTIMER_ClearStatusFlags	16	static
../drivers/fsl_ctimer.c:63:17:CTIMER_GetInstance	24	static
../drivers/fsl_ctimer.c:90:6:CTIMER_Init	16	static
../drivers/fsl_ctimer.c:119:6:CTIMER_Deinit	24	static
../drivers/fsl_ctimer.c:145:6:CTIMER_GetDefaultConfig	16	static
../drivers/fsl_ctimer.c:181:10:CTIMER_SetupPwm	48	static
../drivers/fsl_ctimer.c:267:10:CTIMER_SetupPwmPeriod	32	static
../drivers/fsl_ctimer.c:326:6:CTIMER_UpdatePwmDutycycle	24	static
../drivers/fsl_ctimer.c:359:6:CTIMER_SetupMatch	32	static
../drivers/fsl_ctimer.c:407:6:CTIMER_SetupCapture	24	static
../drivers/fsl_ctimer.c:437:6:CTIMER_RegisterCallBack	32	static
../drivers/fsl_ctimer.c:444:6:CTIMER_GenericIRQHandler	32	static
../drivers/fsl_ctimer.c:487:6:CTIMER0_DriverIRQHandler	8	static
../drivers/fsl_ctimer.c:499:6:CTIMER1_DriverIRQHandler	8	static
../drivers/fsl_ctimer.c:511:6:CTIMER2_DriverIRQHandler	8	static
../drivers/fsl_ctimer.c:523:6:CTIMER3_DriverIRQHandler	8	static
../drivers/fsl_ctimer.c:535:6:CTIMER4_DriverIRQHandler	8	static
