C:\Users\TEMP\Documents\NXP_MKS\lpcxpresso55s69_hello_world\CMSIS/core_cm33.h:2183:22:__NVIC_EnableIRQ	16	static
../drivers/fsl_common.h:419:28:EnableIRQ	16	static
../drivers/fsl_i2c.h:450:20:I2C_MasterEnable	16	static
../drivers/fsl_i2c.h:479:24:I2C_GetStatusFlags	16	static
../drivers/fsl_i2c.h:499:20:I2C_MasterClearStatusFlags	16	static
../drivers/fsl_i2c.h:517:20:I2C_EnableInterrupts	16	static
../drivers/fsl_i2c.h:529:20:I2C_DisableInterrupts	16	static
../drivers/fsl_i2c.h:609:24:I2C_MasterRepeatedStart	16	static
../drivers/fsl_i2c.h:817:20:I2C_SlaveEnable	16	static
../drivers/fsl_i2c.h:842:20:I2C_SlaveClearStatusFlags	16	static
../drivers/fsl_i2c.c:80:10:I2C_GetInstance	24	static
../drivers/fsl_i2c.c:109:6:I2C_MasterGetDefaultConfig	16	static
../drivers/fsl_i2c.c:132:6:I2C_MasterInit	24	static
../drivers/fsl_i2c.c:147:6:I2C_MasterDeinit	16	static
../drivers/fsl_i2c.c:162:6:I2C_MasterSetBaudRate	48	static
../drivers/fsl_i2c.c:224:17:I2C_PendingStatusWait	24	static
../drivers/fsl_i2c.c:264:10:I2C_MasterStart	24	static
../drivers/fsl_i2c.c:287:10:I2C_MasterStop	24	static
../drivers/fsl_i2c.c:317:10:I2C_MasterWriteBlocking	40	static
../drivers/fsl_i2c.c:426:10:I2C_MasterReadBlocking	40	static
../drivers/fsl_i2c.c:526:10:I2C_MasterTransferBlocking	32	static
../drivers/fsl_i2c.c:605:6:I2C_MasterTransferCreateHandle	32	static
../drivers/fsl_i2c.c:641:10:I2C_MasterTransferNonBlocking	32	static
../drivers/fsl_i2c.c:678:10:I2C_MasterTransferGetCount	24	static
../drivers/fsl_i2c.c:710:10:I2C_MasterTransferAbort	24	static
../drivers/fsl_i2c.c:758:17:I2C_InitTransferStateMachine	48	static
../drivers/fsl_i2c.c:825:17:I2C_RunTransferStateMachine	48	static
../drivers/fsl_i2c.c:989:6:I2C_MasterTransferHandleIRQ	32	static
../drivers/fsl_i2c.c:1025:13:I2C_SlaveInternalStateMachineReset	16	static
../drivers/fsl_i2c.c:1039:17:I2C_SlaveDivVal	32	static
../drivers/fsl_i2c.c:1092:17:I2C_SlavePollPending	24	static
../drivers/fsl_i2c.c:1126:13:I2C_SlaveInvokeEvent	24	static
../drivers/fsl_i2c.c:1161:13:I2C_SlaveAddressIRQ	24	static
../drivers/fsl_i2c.c:1233:17:I2C_SlaveTransferNonBlockingInternal	32	static
../drivers/fsl_i2c.c:1301:10:I2C_SlaveSetSendBuffer	40	static
../drivers/fsl_i2c.c:1331:10:I2C_SlaveSetReceiveBuffer	40	static
../drivers/fsl_i2c.c:1348:6:I2C_SlaveSetAddress	16	static
../drivers/fsl_i2c.c:1377:6:I2C_SlaveGetDefaultConfig	40	static
../drivers/fsl_i2c.c:1405:10:I2C_SlaveInit	32	static
../drivers/fsl_i2c.c:1449:6:I2C_SlaveDeinit	16	static
../drivers/fsl_i2c.c:1465:10:I2C_SlaveWriteBlocking	40	static
../drivers/fsl_i2c.c:1552:10:I2C_SlaveReadBlocking	40	static
../drivers/fsl_i2c.c:1640:6:I2C_SlaveTransferCreateHandle	32	static
../drivers/fsl_i2c.c:1699:10:I2C_SlaveTransferNonBlocking	40	static
../drivers/fsl_i2c.c:1713:10:I2C_SlaveTransferGetCount	24	static
../drivers/fsl_i2c.c:1743:6:I2C_SlaveTransferAbort	16	static
../drivers/fsl_i2c.c:1763:6:I2C_SlaveTransferHandleIRQ	24	static
