../drivers/fsl_powerquad.h:1740:20:PQ_WaitDone	16	static
../drivers/fsl_powerquad_math.c:22:6:PQ_VectorLnF32	40	static
../drivers/fsl_powerquad_math.c:44:6:PQ_VectorInvF32	40	static
../drivers/fsl_powerquad_math.c:66:6:PQ_VectorSqrtF32	40	static
../drivers/fsl_powerquad_math.c:88:6:PQ_VectorInvSqrtF32	40	static
../drivers/fsl_powerquad_math.c:110:6:PQ_VectorEtoxF32	40	static
../drivers/fsl_powerquad_math.c:132:6:PQ_VectorEtonxF32	40	static
../drivers/fsl_powerquad_math.c:154:6:PQ_VectorSinF32	40	static
../drivers/fsl_powerquad_math.c:176:6:PQ_VectorCosF32	40	static
../drivers/fsl_powerquad_math.c:198:6:PQ_VectorLnFixed32	40	static
../drivers/fsl_powerquad_math.c:220:6:PQ_VectorInvFixed32	40	static
../drivers/fsl_powerquad_math.c:242:6:PQ_VectorSqrtFixed32	40	static
../drivers/fsl_powerquad_math.c:264:6:PQ_VectorInvSqrtFixed32	40	static
../drivers/fsl_powerquad_math.c:286:6:PQ_VectorEtoxFixed32	40	static
../drivers/fsl_powerquad_math.c:308:6:PQ_VectorEtonxFixed32	40	static
../drivers/fsl_powerquad_math.c:330:6:PQ_VectorSinQ31	80	static
../drivers/fsl_powerquad_math.c:425:6:PQ_VectorCosQ31	80	static
../drivers/fsl_powerquad_math.c:520:6:PQ_VectorLnFixed16	40	static
../drivers/fsl_powerquad_math.c:542:6:PQ_VectorInvFixed16	40	static
../drivers/fsl_powerquad_math.c:564:6:PQ_VectorSqrtFixed16	40	static
../drivers/fsl_powerquad_math.c:586:6:PQ_VectorInvSqrtFixed16	40	static
../drivers/fsl_powerquad_math.c:608:6:PQ_VectorEtoxFixed16	40	static
../drivers/fsl_powerquad_math.c:630:6:PQ_VectorEtonxFixed16	40	static
../drivers/fsl_powerquad_math.c:652:6:PQ_VectorSinQ15	80	static
../drivers/fsl_powerquad_math.c:748:6:PQ_VectorCosQ15	80	static
../drivers/fsl_powerquad_math.c:844:9:PQ_ArctanFixed	24	static
../drivers/fsl_powerquad_math.c:855:9:PQ_ArctanhFixed	24	static
