17:54:27 **** Incremental Build of configuration Debug for project cviceni10 ****
make -j4 all 
arm-none-eabi-gcc "../Core/Src/main.c" -mcpu=cortex-m4 -std=gnu11 -g3 -DDEBUG -DUSE_HAL_DRIVER -DSTM32F429xx -c -I../Core/Inc -I../Drivers/STM32F4xx_HAL_Driver/Inc -I../Drivers/STM32F4xx_HAL_Driver/Inc/Legacy -I../Drivers/CMSIS/Device/ST/STM32F4xx/Include -I../Drivers/CMSIS/Include -O0 -ffunction-sections -fdata-sections -Wall -fstack-usage -fcyclomatic-complexity -MMD -MP -MF"Core/Src/main.d" -MT"Core/Src/main.o" --specs=nano.specs -mfpu=fpv4-sp-d16 -mfloat-abi=hard -mthumb -o "Core/Src/main.o"
arm-none-eabi-gcc -o "cviceni10.elf" @"objects.list"   -mcpu=cortex-m4 -T"C:\Users\xspani02\Documents\MKS2023\cviceni10\STM32F429ZITX_FLASH.ld" --specs=nosys.specs -Wl,-Map="cviceni10.map" -Wl,--gc-sections -static --specs=nano.specs -mfpu=fpv4-sp-d16 -mfloat-abi=hard -mthumb -Wl,--start-group -lc -lm -Wl,--end-group
Finished building target: cviceni10.elf
 
arm-none-eabi-size   cviceni10.elf 
arm-none-eabi-objdump -h -S  cviceni10.elf  > "cviceni10.list"
   text	   data	    bss	    dec	    hex	filename
  15832	    116	   2052	  18000	   4650	cviceni10.elf
Finished building: default.size.stdout
 
Finished building: cviceni10.list
 

17:54:28 Build Finished. 0 errors, 0 warnings. (took 1s.22ms)

