17:47:37 **** Incremental Build of configuration Debug for project cviceni5 ****
make -j4 all 
arm-none-eabi-gcc "../Core/Src/main.c" -mcpu=cortex-m0 -std=gnu11 -g3 -DDEBUG -DUSE_HAL_DRIVER -DSTM32F030x8 -c -I../Core/Inc -I../Drivers/STM32F0xx_HAL_Driver/Inc -I../Drivers/STM32F0xx_HAL_Driver/Inc/Legacy -I../Drivers/CMSIS/Device/ST/STM32F0xx/Include -I../Drivers/CMSIS/Include -O0 -ffunction-sections -fdata-sections -Wall -fstack-usage -fcyclomatic-complexity -MMD -MP -MF"Core/Src/main.d" -MT"Core/Src/main.o" --specs=nano.specs -mfloat-abi=soft -mthumb -o "Core/Src/main.o"
arm-none-eabi-gcc -o "cviceni5.elf" @"objects.list"   -mcpu=cortex-m0 -T"C:\Users\xspani02\Documents\MKS2023\cviceni5\STM32F030R8TX_FLASH.ld" --specs=nosys.specs -Wl,-Map="cviceni5.map" -Wl,--gc-sections -static --specs=nano.specs -mfloat-abi=soft -mthumb -Wl,--start-group -lc -lm -Wl,--end-group
Finished building target: cviceni5.elf
 
arm-none-eabi-size   cviceni5.elf 
arm-none-eabi-objdump -h -S  cviceni5.elf  > "cviceni5.list"
   text	   data	    bss	    dec	    hex	filename
  21068	    112	   2512	  23692	   5c8c	cviceni5.elf
Finished building: default.size.stdout
 
Finished building: cviceni5.list
 

17:47:38 Build Finished. 0 errors, 0 warnings. (took 925ms)

