17:53:30 **** Incremental Build of configuration Debug for project cviceni11 ****
make -j4 all 
arm-none-eabi-gcc "../Core/Src/main.c" -mcpu=cortex-m4 -std=gnu11 -g3 -DDEBUG -DUSE_HAL_DRIVER -DSTM32F429xx -c -I../Core/Inc -I../Drivers/STM32F4xx_HAL_Driver/Inc -I../Drivers/STM32F4xx_HAL_Driver/Inc/Legacy -I../Drivers/CMSIS/Device/ST/STM32F4xx/Include -I../Drivers/CMSIS/Include -I../USB_DEVICE/App -I../USB_DEVICE/Target -I../Middlewares/ST/STM32_USB_Device_Library/Core/Inc -I../Middlewares/ST/STM32_USB_Device_Library/Class/HID/Inc -O0 -ffunction-sections -fdata-sections -Wall -fstack-usage -fcyclomatic-complexity -MMD -MP -MF"Core/Src/main.d" -MT"Core/Src/main.o" --specs=nano.specs -mfpu=fpv4-sp-d16 -mfloat-abi=hard -mthumb -o "Core/Src/main.o"
arm-none-eabi-gcc -o "cviceni11.elf" @"objects.list"   -mcpu=cortex-m4 -T"C:\Users\xspani02\Documents\MKS2023\cviceni11\STM32F429ZITX_FLASH.ld" --specs=nosys.specs -Wl,-Map="cviceni11.map" -Wl,--gc-sections -static --specs=nano.specs -mfpu=fpv4-sp-d16 -mfloat-abi=hard -mthumb -Wl,--start-group -lc -lm -Wl,--end-group
Finished building target: cviceni11.elf
 
arm-none-eabi-size   cviceni11.elf 
arm-none-eabi-objdump -h -S  cviceni11.elf  > "cviceni11.list"
   text	   data	    bss	    dec	    hex	filename
  35684	    292	   4196	  40172	   9cec	cviceni11.elf
Finished building: default.size.stdout
 
Finished building: cviceni11.list
 

17:53:31 Build Finished. 0 errors, 0 warnings. (took 1s.225ms)

