17:07:47 **** Incremental Build of configuration Debug for project lpcxpresso55s69_hello_world ****
make -r -j4 all 
Building file: ../source/hello_world.c
Invoking: MCU C Compiler
arm-none-eabi-gcc -std=gnu99 -D__REDLIB__ -DCPU_LPC55S69JBD100 -DCPU_LPC55S69JBD100_cm33 -DCPU_LPC55S69JBD100_cm33_core0 -DARM_MATH_CM33 -DSDK_DEBUGCONSOLE=1 -DPRINTF_FLOAT_ENABLE=1 -D__MCUXPRESSO -D__USE_CMSIS -DDEBUG -DFSL_RTOS_BM -DSDK_OS_BAREMETAL -I"C:\Users\TEMP\Documents\NXP_MKS\lpcxpresso55s69_hello_world\component\serial_manager" -I"C:\Users\TEMP\Documents\NXP_MKS\lpcxpresso55s69_hello_world\component\lists" -I"C:\Users\TEMP\Documents\NXP_MKS\lpcxpresso55s69_hello_world\drivers" -I"C:\Users\TEMP\Documents\NXP_MKS\lpcxpresso55s69_hello_world\startup" -I"C:\Users\TEMP\Documents\NXP_MKS\lpcxpresso55s69_hello_world\component\uart" -I"C:\Users\TEMP\Documents\NXP_MKS\lpcxpresso55s69_hello_world\device" -I"C:\Users\TEMP\Documents\NXP_MKS\lpcxpresso55s69_hello_world\utilities" -I"C:\Users\TEMP\Documents\NXP_MKS\lpcxpresso55s69_hello_world\CMSIS" -I"C:\Users\TEMP\Documents\NXP_MKS\lpcxpresso55s69_hello_world\source" -I"C:\Users\TEMP\Documents\NXP_MKS\lpcxpresso55s69_hello_world" -I"C:\Users\TEMP\Documents\NXP_MKS\lpcxpresso55s69_hello_world\drivers" -I"C:\Users\TEMP\Documents\NXP_MKS\lpcxpresso55s69_hello_world\device" -I"C:\Users\TEMP\Documents\NXP_MKS\lpcxpresso55s69_hello_world\startup" -I"C:\Users\TEMP\Documents\NXP_MKS\lpcxpresso55s69_hello_world\utilities" -I"C:\Users\TEMP\Documents\NXP_MKS\lpcxpresso55s69_hello_world\component\uart" -I"C:\Users\TEMP\Documents\NXP_MKS\lpcxpresso55s69_hello_world\component\serial_manager" -I"C:\Users\TEMP\Documents\NXP_MKS\lpcxpresso55s69_hello_world\component\lists" -I"C:\Users\TEMP\Documents\NXP_MKS\lpcxpresso55s69_hello_world\CMSIS" -I"C:\Users\TEMP\Documents\NXP_MKS\lpcxpresso55s69_hello_world\board" -O0 -fno-common -g3 -Wall -c  -ffunction-sections  -fdata-sections  -ffreestanding  -fno-builtin  -mcpu=cortex-m33 -fmerge-constants -fmacro-prefix-map="../source/"= -mcpu=cortex-m33 -mfpu=fpv5-sp-d16 -mfloat-abi=hard -mthumb -D__REDLIB__ -fstack-usage -specs=redlib.specs -MMD -MP -MF"source/hello_world.d" -MT"source/hello_world.o" -MT"source/hello_world.d" -o "source/hello_world.o" "../source/hello_world.c"
Finished building: ../source/hello_world.c
 
Building target: lpcxpresso55s69_hello_world.axf
Invoking: MCU Linker
arm-none-eabi-gcc -nostdlib -L"C:\Users\TEMP\Documents\NXP_MKS\lpcxpresso55s69_hello_world\libs" -Xlinker -Map="lpcxpresso55s69_hello_world.map" -Xlinker --gc-sections -Xlinker -print-memory-usage -Xlinker --sort-section=alignment -Xlinker --cref -mcpu=cortex-m33 -mfpu=fpv5-sp-d16 -mfloat-abi=hard -mthumb -T lpcxpresso55s69_hello_world_Debug.ld -o "lpcxpresso55s69_hello_world.axf" ./utilities/fsl_assert.o ./utilities/fsl_debug_console.o ./utilities/fsl_str.o  ./startup/boot_multicore_slave.o ./startup/startup_lpc55s69_cm33_core0.o  ./source/hello_world.o ./source/semihost_hardfault.o  ./drivers/fsl_clock.o ./drivers/fsl_common.o ./drivers/fsl_ctimer.o ./drivers/fsl_flexcomm.o ./drivers/fsl_gpio.o ./drivers/fsl_i2c.o ./drivers/fsl_power.o ./drivers/fsl_powerquad_basic.o ./drivers/fsl_powerquad_cmsis.o ./drivers/fsl_powerquad_data.o ./drivers/fsl_powerquad_filter.o ./drivers/fsl_powerquad_math.o ./drivers/fsl_powerquad_matrix.o ./drivers/fsl_powerquad_transform.o ./drivers/fsl_reset.o ./drivers/fsl_spi.o ./drivers/fsl_usart.o  ./device/system_LPC55S69_cm33_core0.o  ./component/uart/usart_adapter.o  ./component/serial_manager/serial_manager.o ./component/serial_manager/serial_port_uart.o  ./component/lists/generic_list.o  ./board/board.o ./board/clock_config.o ./board/peripherals.o ./board/pin_mux.o   -lpower_hardabi
Memory region         Used Size  Region Size  %age Used
   PROGRAM_FLASH:       18872 B       608 KB      3.03%
            SRAM:        8524 B       272 KB      3.06%
           SRAMX:          0 GB        32 KB      0.00%
         USB_RAM:          0 GB        16 KB      0.00%
Finished building target: lpcxpresso55s69_hello_world.axf
 
Performing post-build steps
arm-none-eabi-size "lpcxpresso55s69_hello_world.axf"; # arm-none-eabi-objcopy -v -O binary "lpcxpresso55s69_hello_world.axf" "lpcxpresso55s69_hello_world.bin" ; # checksum -p LPC55S69 -d "lpcxpresso55s69_hello_world.bin";
   text	   data	    bss	    dec	    hex	filename
  18864	      8	   8516	  27388	   6afc	lpcxpresso55s69_hello_world.axf
 
17:15:38 **** Incremental Build of configuration Debug for project lpcxpresso55s69_hello_world ****
make -r -j4 all 
Building file: ../source/hello_world.c
Building file: ../board/clock_config.c
Building file: ../board/peripherals.c
Invoking: MCU C Compiler
Building file: ../board/pin_mux.c
arm-none-eabi-gcc -std=gnu99 -D__REDLIB__ -DCPU_LPC55S69JBD100 -DCPU_LPC55S69JBD100_cm33 -DCPU_LPC55S69JBD100_cm33_core0 -DARM_MATH_CM33 -DSDK_DEBUGCONSOLE=1 -DPRINTF_FLOAT_ENABLE=1 -D__MCUXPRESSO -D__USE_CMSIS -DDEBUG -DFSL_RTOS_BM -DSDK_OS_BAREMETAL -I"C:\Users\TEMP\Documents\NXP_MKS\lpcxpresso55s69_hello_world\component\serial_manager" -I"C:\Users\TEMP\Documents\NXP_MKS\lpcxpresso55s69_hello_world\component\lists" -I"C:\Users\TEMP\Documents\NXP_MKS\lpcxpresso55s69_hello_world\drivers" -I"C:\Users\TEMP\Documents\NXP_MKS\lpcxpresso55s69_hello_world\startup" -I"C:\Users\TEMP\Documents\NXP_MKS\lpcxpresso55s69_hello_world\component\uart" -I"C:\Users\TEMP\Documents\NXP_MKS\lpcxpresso55s69_hello_world\device" -I"C:\Users\TEMP\Documents\NXP_MKS\lpcxpresso55s69_hello_world\utilities" -I"C:\Users\TEMP\Documents\NXP_MKS\lpcxpresso55s69_hello_world\CMSIS" -I"C:\Users\TEMP\Documents\NXP_MKS\lpcxpresso55s69_hello_world\source" -I"C:\Users\TEMP\Documents\NXP_MKS\lpcxpresso55s69_hello_world" -I"C:\Users\TEMP\Documents\NXP_MKS\lpcxpresso55s69_hello_world\drivers" -I"C:\Users\TEMP\Documents\NXP_MKS\lpcxpresso55s69_hello_world\device" -I"C:\Users\TEMP\Documents\NXP_MKS\lpcxpresso55s69_hello_world\startup" -I"C:\Users\TEMP\Documents\NXP_MKS\lpcxpresso55s69_hello_world\utilities" -I"C:\Users\TEMP\Documents\NXP_MKS\lpcxpresso55s69_hello_world\component\uart" -I"C:\Users\TEMP\Documents\NXP_MKS\lpcxpresso55s69_hello_world\component\serial_manager" -I"C:\Users\TEMP\Documents\NXP_MKS\lpcxpresso55s69_hello_world\component\lists" -I"C:\Users\TEMP\Documents\NXP_MKS\lpcxpresso55s69_hello_world\CMSIS" -I"C:\Users\TEMP\Documents\NXP_MKS\lpcxpresso55s69_hello_world\board" -O0 -fno-common -g3 -Wall -c  -ffunction-sections  -fdata-sections  -ffreestanding  -fno-builtin  -mcpu=cortex-m33 -fmerge-constants -fmacro-prefix-map="../source/"= -mcpu=cortex-m33 -mfpu=fpv5-sp-d16 -mfloat-abi=hard -mthumb -D__REDLIB__ -fstack-usage -specs=redlib.specs -MMD -MP -MF"source/hello_world.d" -MT"source/hello_world.o" -MT"source/hello_world.d" -o "source/hello_world.o" "../source/hello_world.c"
Invoking: MCU C Compiler
arm-none-eabi-gcc -std=gnu99 -D__REDLIB__ -DCPU_LPC55S69JBD100 -DCPU_LPC55S69JBD100_cm33 -DCPU_LPC55S69JBD100_cm33_core0 -DARM_MATH_CM33 -DSDK_DEBUGCONSOLE=1 -DPRINTF_FLOAT_ENABLE=1 -D__MCUXPRESSO -D__USE_CMSIS -DDEBUG -DFSL_RTOS_BM -DSDK_OS_BAREMETAL -I"C:\Users\TEMP\Documents\NXP_MKS\lpcxpresso55s69_hello_world\component\serial_manager" -I"C:\Users\TEMP\Documents\NXP_MKS\lpcxpresso55s69_hello_world\component\lists" -I"C:\Users\TEMP\Documents\NXP_MKS\lpcxpresso55s69_hello_world\drivers" -I"C:\Users\TEMP\Documents\NXP_MKS\lpcxpresso55s69_hello_world\startup" -I"C:\Users\TEMP\Documents\NXP_MKS\lpcxpresso55s69_hello_world\component\uart" -I"C:\Users\TEMP\Documents\NXP_MKS\lpcxpresso55s69_hello_world\device" -I"C:\Users\TEMP\Documents\NXP_MKS\lpcxpresso55s69_hello_world\utilities" -I"C:\Users\TEMP\Documents\NXP_MKS\lpcxpresso55s69_hello_world\CMSIS" -I"C:\Users\TEMP\Documents\NXP_MKS\lpcxpresso55s69_hello_world\source" -I"C:\Users\TEMP\Documents\NXP_MKS\lpcxpresso55s69_hello_world" -I"C:\Users\TEMP\Documents\NXP_MKS\lpcxpresso55s69_hello_world\drivers" -I"C:\Users\TEMP\Documents\NXP_MKS\lpcxpresso55s69_hello_world\device" -I"C:\Users\TEMP\Documents\NXP_MKS\lpcxpresso55s69_hello_world\startup" -I"C:\Users\TEMP\Documents\NXP_MKS\lpcxpresso55s69_hello_world\utilities" -I"C:\Users\TEMP\Documents\NXP_MKS\lpcxpresso55s69_hello_world\component\uart" -I"C:\Users\TEMP\Documents\NXP_MKS\lpcxpresso55s69_hello_world\component\serial_manager" -I"C:\Users\TEMP\Documents\NXP_MKS\lpcxpresso55s69_hello_world\component\lists" -I"C:\Users\TEMP\Documents\NXP_MKS\lpcxpresso55s69_hello_world\CMSIS" -I"C:\Users\TEMP\Documents\NXP_MKS\lpcxpresso55s69_hello_world\board" -O0 -fno-common -g3 -Wall -c  -ffunction-sections  -fdata-sections  -ffreestanding  -fno-builtin  -mcpu=cortex-m33 -fmerge-constants -fmacro-prefix-map="../board/"= -mcpu=cortex-m33 -mfpu=fpv5-sp-d16 -mfloat-abi=hard -mthumb -D__REDLIB__ -fstack-usage -specs=redlib.specs -MMD -MP -MF"board/clock_config.d" -MT"board/clock_config.o" -MT"board/clock_config.d" -o "board/clock_config.o" "../board/clock_config.c"
Invoking: MCU C Compiler
Invoking: MCU C Compiler
arm-none-eabi-gcc -std=gnu99 -D__REDLIB__ -DCPU_LPC55S69JBD100 -DCPU_LPC55S69JBD100_cm33 -DCPU_LPC55S69JBD100_cm33_core0 -DARM_MATH_CM33 -DSDK_DEBUGCONSOLE=1 -DPRINTF_FLOAT_ENABLE=1 -D__MCUXPRESSO -D__USE_CMSIS -DDEBUG -DFSL_RTOS_BM -DSDK_OS_BAREMETAL -I"C:\Users\TEMP\Documents\NXP_MKS\lpcxpresso55s69_hello_world\component\serial_manager" -I"C:\Users\TEMP\Documents\NXP_MKS\lpcxpresso55s69_hello_world\component\lists" -I"C:\Users\TEMP\Documents\NXP_MKS\lpcxpresso55s69_hello_world\drivers" -I"C:\Users\TEMP\Documents\NXP_MKS\lpcxpresso55s69_hello_world\startup" -I"C:\Users\TEMP\Documents\NXP_MKS\lpcxpresso55s69_hello_world\component\uart" -I"C:\Users\TEMP\Documents\NXP_MKS\lpcxpresso55s69_hello_world\device" -I"C:\Users\TEMP\Documents\NXP_MKS\lpcxpresso55s69_hello_world\utilities" -I"C:\Users\TEMP\Documents\NXP_MKS\lpcxpresso55s69_hello_world\CMSIS" -I"C:\Users\TEMP\Documents\NXP_MKS\lpcxpresso55s69_hello_world\source" -I"C:\Users\TEMP\Documents\NXP_MKS\lpcxpresso55s69_hello_world" -I"C:\Users\TEMP\Documents\NXP_MKS\lpcxpresso55s69_hello_world\drivers" -I"C:\Users\TEMP\Documents\NXP_MKS\lpcxpresso55s69_hello_world\device" -I"C:\Users\TEMP\Documents\NXP_MKS\lpcxpresso55s69_hello_world\startup" -I"C:\Users\TEMP\Documents\NXP_MKS\lpcxpresso55s69_hello_world\utilities" -I"C:\Users\TEMP\Documents\NXP_MKS\lpcxpresso55s69_hello_world\component\uart" -I"C:\Users\TEMP\Documents\NXP_MKS\lpcxpresso55s69_hello_world\component\serial_manager" -I"C:\Users\TEMP\Documents\NXP_MKS\lpcxpresso55s69_hello_world\component\lists" -I"C:\Users\TEMP\Documents\NXP_MKS\lpcxpresso55s69_hello_world\CMSIS" -I"C:\Users\TEMP\Documents\NXP_MKS\lpcxpresso55s69_hello_world\board" -O0 -fno-common -g3 -Wall -c  -ffunction-sections  -fdata-sections  -ffreestanding  -fno-builtin  -mcpu=cortex-m33 -fmerge-constants -fmacro-prefix-map="../board/"= -mcpu=cortex-m33 -mfpu=fpv5-sp-d16 -mfloat-abi=hard -mthumb -D__REDLIB__ -fstack-usage -specs=redlib.specs -MMD -MP -MF"board/peripherals.d" -MT"board/peripherals.o" -MT"board/peripherals.d" -o "board/peripherals.o" "../board/peripherals.c"
arm-none-eabi-gcc -std=gnu99 -D__REDLIB__ -DCPU_LPC55S69JBD100 -DCPU_LPC55S69JBD100_cm33 -DCPU_LPC55S69JBD100_cm33_core0 -DARM_MATH_CM33 -DSDK_DEBUGCONSOLE=1 -DPRINTF_FLOAT_ENABLE=1 -D__MCUXPRESSO -D__USE_CMSIS -DDEBUG -DFSL_RTOS_BM -DSDK_OS_BAREMETAL -I"C:\Users\TEMP\Documents\NXP_MKS\lpcxpresso55s69_hello_world\component\serial_manager" -I"C:\Users\TEMP\Documents\NXP_MKS\lpcxpresso55s69_hello_world\component\lists" -I"C:\Users\TEMP\Documents\NXP_MKS\lpcxpresso55s69_hello_world\drivers" -I"C:\Users\TEMP\Documents\NXP_MKS\lpcxpresso55s69_hello_world\startup" -I"C:\Users\TEMP\Documents\NXP_MKS\lpcxpresso55s69_hello_world\component\uart" -I"C:\Users\TEMP\Documents\NXP_MKS\lpcxpresso55s69_hello_world\device" -I"C:\Users\TEMP\Documents\NXP_MKS\lpcxpresso55s69_hello_world\utilities" -I"C:\Users\TEMP\Documents\NXP_MKS\lpcxpresso55s69_hello_world\CMSIS" -I"C:\Users\TEMP\Documents\NXP_MKS\lpcxpresso55s69_hello_world\source" -I"C:\Users\TEMP\Documents\NXP_MKS\lpcxpresso55s69_hello_world" -I"C:\Users\TEMP\Documents\NXP_MKS\lpcxpresso55s69_hello_world\drivers" -I"C:\Users\TEMP\Documents\NXP_MKS\lpcxpresso55s69_hello_world\device" -I"C:\Users\TEMP\Documents\NXP_MKS\lpcxpresso55s69_hello_world\startup" -I"C:\Users\TEMP\Documents\NXP_MKS\lpcxpresso55s69_hello_world\utilities" -I"C:\Users\TEMP\Documents\NXP_MKS\lpcxpresso55s69_hello_world\component\uart" -I"C:\Users\TEMP\Documents\NXP_MKS\lpcxpresso55s69_hello_world\component\serial_manager" -I"C:\Users\TEMP\Documents\NXP_MKS\lpcxpresso55s69_hello_world\component\lists" -I"C:\Users\TEMP\Documents\NXP_MKS\lpcxpresso55s69_hello_world\CMSIS" -I"C:\Users\TEMP\Documents\NXP_MKS\lpcxpresso55s69_hello_world\board" -O0 -fno-common -g3 -Wall -c  -ffunction-sections  -fdata-sections  -ffreestanding  -fno-builtin  -mcpu=cortex-m33 -fmerge-constants -fmacro-prefix-map="../board/"= -mcpu=cortex-m33 -mfpu=fpv5-sp-d16 -mfloat-abi=hard -mthumb -D__REDLIB__ -fstack-usage -specs=redlib.specs -MMD -MP -MF"board/pin_mux.d" -MT"board/pin_mux.o" -MT"board/pin_mux.d" -o "board/pin_mux.o" "../board/pin_mux.c"
Finished building: ../board/peripherals.c
Finished building: ../source/hello_world.c
 
Finished building: ../board/pin_mux.c
 
 
Finished building: ../board/clock_config.c
 
Building target: lpcxpresso55s69_hello_world.axf
Invoking: MCU Linker
arm-none-eabi-gcc -nostdlib -L"C:\Users\TEMP\Documents\NXP_MKS\lpcxpresso55s69_hello_world\libs" -Xlinker -Map="lpcxpresso55s69_hello_world.map" -Xlinker --gc-sections -Xlinker -print-memory-usage -Xlinker --sort-section=alignment -Xlinker --cref -mcpu=cortex-m33 -mfpu=fpv5-sp-d16 -mfloat-abi=hard -mthumb -T lpcxpresso55s69_hello_world_Debug.ld -o "lpcxpresso55s69_hello_world.axf" ./utilities/fsl_assert.o ./utilities/fsl_debug_console.o ./utilities/fsl_str.o  ./startup/boot_multicore_slave.o ./startup/startup_lpc55s69_cm33_core0.o  ./source/hello_world.o ./source/semihost_hardfault.o  ./drivers/fsl_clock.o ./drivers/fsl_common.o ./drivers/fsl_ctimer.o ./drivers/fsl_flexcomm.o ./drivers/fsl_gpio.o ./drivers/fsl_i2c.o ./drivers/fsl_power.o ./drivers/fsl_powerquad_basic.o ./drivers/fsl_powerquad_cmsis.o ./drivers/fsl_powerquad_data.o ./drivers/fsl_powerquad_filter.o ./drivers/fsl_powerquad_math.o ./drivers/fsl_powerquad_matrix.o ./drivers/fsl_powerquad_transform.o ./drivers/fsl_reset.o ./drivers/fsl_spi.o ./drivers/fsl_usart.o  ./device/system_LPC55S69_cm33_core0.o  ./component/uart/usart_adapter.o  ./component/serial_manager/serial_manager.o ./component/serial_manager/serial_port_uart.o  ./component/lists/generic_list.o  ./board/board.o ./board/clock_config.o ./board/peripherals.o ./board/pin_mux.o   -lpower_hardabi
Memory region         Used Size  Region Size  %age Used
   PROGRAM_FLASH:       18972 B       608 KB      3.05%
            SRAM:        8524 B       272 KB      3.06%
           SRAMX:          0 GB        32 KB      0.00%
         USB_RAM:          0 GB        16 KB      0.00%
Finished building target: lpcxpresso55s69_hello_world.axf
 
Performing post-build steps
arm-none-eabi-size "lpcxpresso55s69_hello_world.axf"; # arm-none-eabi-objcopy -v -O binary "lpcxpresso55s69_hello_world.axf" "lpcxpresso55s69_hello_world.bin" ; # checksum -p LPC55S69 -d "lpcxpresso55s69_hello_world.bin";
   text	   data	    bss	    dec	    hex	filename
  18964	      8	   8516	  27488	   6b60	lpcxpresso55s69_hello_world.axf
 
17:19:42 **** Incremental Build of configuration Debug for project lpcxpresso55s69_hello_world ****
make -r -j4 all 
make[1]: Nothing to be done for 'main-build'.
Performing post-build steps
arm-none-eabi-size "lpcxpresso55s69_hello_world.axf"; # arm-none-eabi-objcopy -v -O binary "lpcxpresso55s69_hello_world.axf" "lpcxpresso55s69_hello_world.bin" ; # checksum -p LPC55S69 -d "lpcxpresso55s69_hello_world.bin";
   text	   data	    bss	    dec	    hex	filename
  18964	      8	   8516	  27488	   6b60	lpcxpresso55s69_hello_world.axf
 
