16:15:20 **** Incremental Build of configuration Debug for project cv122 ****
make -j4 all 
arm-none-eabi-gcc "../Middlewares/Third_Party/LwIP/src/apps/http/fs.c" -mcpu=cortex-m4 -std=gnu11 -g3 -DDEBUG -DUSE_HAL_DRIVER -DSTM32F429xx -c -I../Core/Inc -I../Drivers/STM32F4xx_HAL_Driver/Inc -I../Drivers/STM32F4xx_HAL_Driver/Inc/Legacy -I../Drivers/CMSIS/Device/ST/STM32F4xx/Include -I../Drivers/CMSIS/Include -I../LWIP/App -I../LWIP/Target -I../Middlewares/Third_Party/LwIP/src/include -I../Middlewares/Third_Party/LwIP/system -I../Middlewares/Third_Party/FreeRTOS/Source/include -I../Middlewares/Third_Party/FreeRTOS/Source/CMSIS_RTOS -I../Middlewares/Third_Party/FreeRTOS/Source/portable/GCC/ARM_CM4F -I../Middlewares/Third_Party/LwIP/src/include/netif/ppp -I../Middlewares/Third_Party/LwIP/src/include/lwip -I../Middlewares/Third_Party/LwIP/src/include/lwip/apps -I../Middlewares/Third_Party/LwIP/src/include/lwip/priv -I../Middlewares/Third_Party/LwIP/src/include/lwip/prot -I../Middlewares/Third_Party/LwIP/src/include/netif -I../Middlewares/Third_Party/LwIP/src/include/compat/posix -I../Middlewares/Third_Party/LwIP/src/include/compat/posix/arpa -I../Middlewares/Third_Party/LwIP/src/include/compat/posix/net -I../Middlewares/Third_Party/LwIP/src/include/compat/posix/sys -I../Middlewares/Third_Party/LwIP/src/include/compat/stdc -I../Middlewares/Third_Party/LwIP/system/arch -I../Drivers/BSP/Components/lan8742 -I../Middlewares/Third_Party/LwIP/src/apps/http -O0 -ffunction-sections -fdata-sections -Wall -fstack-usage -fcyclomatic-complexity -MMD -MP -MF"Middlewares/Third_Party/LwIP/src/apps/http/fs.d" -MT"Middlewares/Third_Party/LwIP/src/apps/http/fs.o" --specs=nano.specs -mfpu=fpv4-sp-d16 -mfloat-abi=hard -mthumb -o "Middlewares/Third_Party/LwIP/src/apps/http/fs.o"
arm-none-eabi-gcc -o "cv122.elf" @"objects.list"   -mcpu=cortex-m4 -T"C:\Users\xspani02\Documents\MKS2023\cv122\STM32F429ZITX_FLASH.ld" --specs=nosys.specs -Wl,-Map="cv122.map" -Wl,--gc-sections -static --specs=nano.specs -mfpu=fpv4-sp-d16 -mfloat-abi=hard -mthumb -Wl,--start-group -lc -lm -Wl,--end-group
Finished building target: cv122.elf
 
arm-none-eabi-size   cv122.elf 
arm-none-eabi-objdump -h -S  cv122.elf  > "cv122.list"
   text	   data	    bss	    dec	    hex	filename
 159552	    152	  71088	 230792	  38588	cv122.elf
Finished building: default.size.stdout
 
Finished building: cv122.list
 
16:15:29 **** Incremental Build of configuration Debug for project cv122 ****
make -j4 all 
arm-none-eabi-size   cv122.elf 
   text	   data	    bss	    dec	    hex	filename
 159552	    152	  71088	 230792	  38588	cv122.elf
Finished building: default.size.stdout
 
16:15:59 **** Incremental Build of configuration Debug for project cv122 ****
make -j4 all 
arm-none-eabi-size   cv122.elf 
   text	   data	    bss	    dec	    hex	filename
 159552	    152	  71088	 230792	  38588	cv122.elf
Finished building: default.size.stdout
 
16:23:45 **** Incremental Build of configuration Debug for project cv122 ****
make -j4 all 
arm-none-eabi-gcc -mcpu=cortex-m4 -g3 -DDEBUG -c -x assembler-with-cpp -MMD -MP -MF"Core/Startup/startup_stm32f429zitx.d" -MT"Core/Startup/startup_stm32f429zitx.o" --specs=nano.specs -mfpu=fpv4-sp-d16 -mfloat-abi=hard -mthumb -o "Core/Startup/startup_stm32f429zitx.o" "../Core/Startup/startup_stm32f429zitx.s"
arm-none-eabi-gcc "../Core/Src/freertos.c" -mcpu=cortex-m4 -std=gnu11 -g3 -DDEBUG -DUSE_HAL_DRIVER -DSTM32F429xx -c -I../Core/Inc -I../Drivers/STM32F4xx_HAL_Driver/Inc -I../Drivers/STM32F4xx_HAL_Driver/Inc/Legacy -I../Drivers/CMSIS/Device/ST/STM32F4xx/Include -I../Drivers/CMSIS/Include -I../LWIP/App -I../LWIP/Target -I../Middlewares/Third_Party/LwIP/src/include -I../Middlewares/Third_Party/LwIP/system -I../Middlewares/Third_Party/FreeRTOS/Source/include -I../Middlewares/Third_Party/FreeRTOS/Source/CMSIS_RTOS -I../Middlewares/Third_Party/FreeRTOS/Source/portable/GCC/ARM_CM4F -I../Middlewares/Third_Party/LwIP/src/include/netif/ppp -I../Middlewares/Third_Party/LwIP/src/include/lwip -I../Middlewares/Third_Party/LwIP/src/include/lwip/apps -I../Middlewares/Third_Party/LwIP/src/include/lwip/priv -I../Middlewares/Third_Party/LwIP/src/include/lwip/prot -I../Middlewares/Third_Party/LwIP/src/include/netif -I../Middlewares/Third_Party/LwIP/src/include/compat/posix -I../Middlewares/Third_Party/LwIP/src/include/compat/posix/arpa -I../Middlewares/Third_Party/LwIP/src/include/compat/posix/net -I../Middlewares/Third_Party/LwIP/src/include/compat/posix/sys -I../Middlewares/Third_Party/LwIP/src/include/compat/stdc -I../Middlewares/Third_Party/LwIP/system/arch -I../Drivers/BSP/Components/lan8742 -I../Middlewares/Third_Party/LwIP/src/apps/http -O0 -ffunction-sections -fdata-sections -Wall -fstack-usage -fcyclomatic-complexity -MMD -MP -MF"Core/Src/freertos.d" -MT"Core/Src/freertos.o" --specs=nano.specs -mfpu=fpv4-sp-d16 -mfloat-abi=hard -mthumb -o "Core/Src/freertos.o"
arm-none-eabi-gcc "../Core/Src/main.c" -mcpu=cortex-m4 -std=gnu11 -g3 -DDEBUG -DUSE_HAL_DRIVER -DSTM32F429xx -c -I../Core/Inc -I../Drivers/STM32F4xx_HAL_Driver/Inc -I../Drivers/STM32F4xx_HAL_Driver/Inc/Legacy -I../Drivers/CMSIS/Device/ST/STM32F4xx/Include -I../Drivers/CMSIS/Include -I../LWIP/App -I../LWIP/Target -I../Middlewares/Third_Party/LwIP/src/include -I../Middlewares/Third_Party/LwIP/system -I../Middlewares/Third_Party/FreeRTOS/Source/include -I../Middlewares/Third_Party/FreeRTOS/Source/CMSIS_RTOS -I../Middlewares/Third_Party/FreeRTOS/Source/portable/GCC/ARM_CM4F -I../Middlewares/Third_Party/LwIP/src/include/netif/ppp -I../Middlewares/Third_Party/LwIP/src/include/lwip -I../Middlewares/Third_Party/LwIP/src/include/lwip/apps -I../Middlewares/Third_Party/LwIP/src/include/lwip/priv -I../Middlewares/Third_Party/LwIP/src/include/lwip/prot -I../Middlewares/Third_Party/LwIP/src/include/netif -I../Middlewares/Third_Party/LwIP/src/include/compat/posix -I../Middlewares/Third_Party/LwIP/src/include/compat/posix/arpa -I../Middlewares/Third_Party/LwIP/src/include/compat/posix/net -I../Middlewares/Third_Party/LwIP/src/include/compat/posix/sys -I../Middlewares/Third_Party/LwIP/src/include/compat/stdc -I../Middlewares/Third_Party/LwIP/system/arch -I../Drivers/BSP/Components/lan8742 -I../Middlewares/Third_Party/LwIP/src/apps/http -O0 -ffunction-sections -fdata-sections -Wall -fstack-usage -fcyclomatic-complexity -MMD -MP -MF"Core/Src/main.d" -MT"Core/Src/main.o" --specs=nano.specs -mfpu=fpv4-sp-d16 -mfloat-abi=hard -mthumb -o "Core/Src/main.o"
arm-none-eabi-gcc "../Core/Src/stm32f4xx_hal_msp.c" -mcpu=cortex-m4 -std=gnu11 -g3 -DDEBUG -DUSE_HAL_DRIVER -DSTM32F429xx -c -I../Core/Inc -I../Drivers/STM32F4xx_HAL_Driver/Inc -I../Drivers/STM32F4xx_HAL_Driver/Inc/Legacy -I../Drivers/CMSIS/Device/ST/STM32F4xx/Include -I../Drivers/CMSIS/Include -I../LWIP/App -I../LWIP/Target -I../Middlewares/Third_Party/LwIP/src/include -I../Middlewares/Third_Party/LwIP/system -I../Middlewares/Third_Party/FreeRTOS/Source/include -I../Middlewares/Third_Party/FreeRTOS/Source/CMSIS_RTOS -I../Middlewares/Third_Party/FreeRTOS/Source/portable/GCC/ARM_CM4F -I../Middlewares/Third_Party/LwIP/src/include/netif/ppp -I../Middlewares/Third_Party/LwIP/src/include/lwip -I../Middlewares/Third_Party/LwIP/src/include/lwip/apps -I../Middlewares/Third_Party/LwIP/src/include/lwip/priv -I../Middlewares/Third_Party/LwIP/src/include/lwip/prot -I../Middlewares/Third_Party/LwIP/src/include/netif -I../Middlewares/Third_Party/LwIP/src/include/compat/posix -I../Middlewares/Third_Party/LwIP/src/include/compat/posix/arpa -I../Middlewares/Third_Party/LwIP/src/include/compat/posix/net -I../Middlewares/Third_Party/LwIP/src/include/compat/posix/sys -I../Middlewares/Third_Party/LwIP/src/include/compat/stdc -I../Middlewares/Third_Party/LwIP/system/arch -I../Drivers/BSP/Components/lan8742 -I../Middlewares/Third_Party/LwIP/src/apps/http -O0 -ffunction-sections -fdata-sections -Wall -fstack-usage -fcyclomatic-complexity -MMD -MP -MF"Core/Src/stm32f4xx_hal_msp.d" -MT"Core/Src/stm32f4xx_hal_msp.o" --specs=nano.specs -mfpu=fpv4-sp-d16 -mfloat-abi=hard -mthumb -o "Core/Src/stm32f4xx_hal_msp.o"
arm-none-eabi-gcc "../Core/Src/stm32f4xx_hal_timebase_tim.c" -mcpu=cortex-m4 -std=gnu11 -g3 -DDEBUG -DUSE_HAL_DRIVER -DSTM32F429xx -c -I../Core/Inc -I../Drivers/STM32F4xx_HAL_Driver/Inc -I../Drivers/STM32F4xx_HAL_Driver/Inc/Legacy -I../Drivers/CMSIS/Device/ST/STM32F4xx/Include -I../Drivers/CMSIS/Include -I../LWIP/App -I../LWIP/Target -I../Middlewares/Third_Party/LwIP/src/include -I../Middlewares/Third_Party/LwIP/system -I../Middlewares/Third_Party/FreeRTOS/Source/include -I../Middlewares/Third_Party/FreeRTOS/Source/CMSIS_RTOS -I../Middlewares/Third_Party/FreeRTOS/Source/portable/GCC/ARM_CM4F -I../Middlewares/Third_Party/LwIP/src/include/netif/ppp -I../Middlewares/Third_Party/LwIP/src/include/lwip -I../Middlewares/Third_Party/LwIP/src/include/lwip/apps -I../Middlewares/Third_Party/LwIP/src/include/lwip/priv -I../Middlewares/Third_Party/LwIP/src/include/lwip/prot -I../Middlewares/Third_Party/LwIP/src/include/netif -I../Middlewares/Third_Party/LwIP/src/include/compat/posix -I../Middlewares/Third_Party/LwIP/src/include/compat/posix/arpa -I../Middlewares/Third_Party/LwIP/src/include/compat/posix/net -I../Middlewares/Third_Party/LwIP/src/include/compat/posix/sys -I../Middlewares/Third_Party/LwIP/src/include/compat/stdc -I../Middlewares/Third_Party/LwIP/system/arch -I../Drivers/BSP/Components/lan8742 -I../Middlewares/Third_Party/LwIP/src/apps/http -O0 -ffunction-sections -fdata-sections -Wall -fstack-usage -fcyclomatic-complexity -MMD -MP -MF"Core/Src/stm32f4xx_hal_timebase_tim.d" -MT"Core/Src/stm32f4xx_hal_timebase_tim.o" --specs=nano.specs -mfpu=fpv4-sp-d16 -mfloat-abi=hard -mthumb -o "Core/Src/stm32f4xx_hal_timebase_tim.o"
arm-none-eabi-gcc "../Core/Src/stm32f4xx_it.c" -mcpu=cortex-m4 -std=gnu11 -g3 -DDEBUG -DUSE_HAL_DRIVER -DSTM32F429xx -c -I../Core/Inc -I../Drivers/STM32F4xx_HAL_Driver/Inc -I../Drivers/STM32F4xx_HAL_Driver/Inc/Legacy -I../Drivers/CMSIS/Device/ST/STM32F4xx/Include -I../Drivers/CMSIS/Include -I../LWIP/App -I../LWIP/Target -I../Middlewares/Third_Party/LwIP/src/include -I../Middlewares/Third_Party/LwIP/system -I../Middlewares/Third_Party/FreeRTOS/Source/include -I../Middlewares/Third_Party/FreeRTOS/Source/CMSIS_RTOS -I../Middlewares/Third_Party/FreeRTOS/Source/portable/GCC/ARM_CM4F -I../Middlewares/Third_Party/LwIP/src/include/netif/ppp -I../Middlewares/Third_Party/LwIP/src/include/lwip -I../Middlewares/Third_Party/LwIP/src/include/lwip/apps -I../Middlewares/Third_Party/LwIP/src/include/lwip/priv -I../Middlewares/Third_Party/LwIP/src/include/lwip/prot -I../Middlewares/Third_Party/LwIP/src/include/netif -I../Middlewares/Third_Party/LwIP/src/include/compat/posix -I../Middlewares/Third_Party/LwIP/src/include/compat/posix/arpa -I../Middlewares/Third_Party/LwIP/src/include/compat/posix/net -I../Middlewares/Third_Party/LwIP/src/include/compat/posix/sys -I../Middlewares/Third_Party/LwIP/src/include/compat/stdc -I../Middlewares/Third_Party/LwIP/system/arch -I../Drivers/BSP/Components/lan8742 -I../Middlewares/Third_Party/LwIP/src/apps/http -O0 -ffunction-sections -fdata-sections -Wall -fstack-usage -fcyclomatic-complexity -MMD -MP -MF"Core/Src/stm32f4xx_it.d" -MT"Core/Src/stm32f4xx_it.o" --specs=nano.specs -mfpu=fpv4-sp-d16 -mfloat-abi=hard -mthumb -o "Core/Src/stm32f4xx_it.o"
arm-none-eabi-gcc "../Core/Src/syscalls.c" -mcpu=cortex-m4 -std=gnu11 -g3 -DDEBUG -DUSE_HAL_DRIVER -DSTM32F429xx -c -I../Core/Inc -I../Drivers/STM32F4xx_HAL_Driver/Inc -I../Drivers/STM32F4xx_HAL_Driver/Inc/Legacy -I../Drivers/CMSIS/Device/ST/STM32F4xx/Include -I../Drivers/CMSIS/Include -I../LWIP/App -I../LWIP/Target -I../Middlewares/Third_Party/LwIP/src/include -I../Middlewares/Third_Party/LwIP/system -I../Middlewares/Third_Party/FreeRTOS/Source/include -I../Middlewares/Third_Party/FreeRTOS/Source/CMSIS_RTOS -I../Middlewares/Third_Party/FreeRTOS/Source/portable/GCC/ARM_CM4F -I../Middlewares/Third_Party/LwIP/src/include/netif/ppp -I../Middlewares/Third_Party/LwIP/src/include/lwip -I../Middlewares/Third_Party/LwIP/src/include/lwip/apps -I../Middlewares/Third_Party/LwIP/src/include/lwip/priv -I../Middlewares/Third_Party/LwIP/src/include/lwip/prot -I../Middlewares/Third_Party/LwIP/src/include/netif -I../Middlewares/Third_Party/LwIP/src/include/compat/posix -I../Middlewares/Third_Party/LwIP/src/include/compat/posix/arpa -I../Middlewares/Third_Party/LwIP/src/include/compat/posix/net -I../Middlewares/Third_Party/LwIP/src/include/compat/posix/sys -I../Middlewares/Third_Party/LwIP/src/include/compat/stdc -I../Middlewares/Third_Party/LwIP/system/arch -I../Drivers/BSP/Components/lan8742 -I../Middlewares/Third_Party/LwIP/src/apps/http -O0 -ffunction-sections -fdata-sections -Wall -fstack-usage -fcyclomatic-complexity -MMD -MP -MF"Core/Src/syscalls.d" -MT"Core/Src/syscalls.o" --specs=nano.specs -mfpu=fpv4-sp-d16 -mfloat-abi=hard -mthumb -o "Core/Src/syscalls.o"
arm-none-eabi-gcc "../Core/Src/sysmem.c" -mcpu=cortex-m4 -std=gnu11 -g3 -DDEBUG -DUSE_HAL_DRIVER -DSTM32F429xx -c -I../Core/Inc -I../Drivers/STM32F4xx_HAL_Driver/Inc -I../Drivers/STM32F4xx_HAL_Driver/Inc/Legacy -I../Drivers/CMSIS/Device/ST/STM32F4xx/Include -I../Drivers/CMSIS/Include -I../LWIP/App -I../LWIP/Target -I../Middlewares/Third_Party/LwIP/src/include -I../Middlewares/Third_Party/LwIP/system -I../Middlewares/Third_Party/FreeRTOS/Source/include -I../Middlewares/Third_Party/FreeRTOS/Source/CMSIS_RTOS -I../Middlewares/Third_Party/FreeRTOS/Source/portable/GCC/ARM_CM4F -I../Middlewares/Third_Party/LwIP/src/include/netif/ppp -I../Middlewares/Third_Party/LwIP/src/include/lwip -I../Middlewares/Third_Party/LwIP/src/include/lwip/apps -I../Middlewares/Third_Party/LwIP/src/include/lwip/priv -I../Middlewares/Third_Party/LwIP/src/include/lwip/prot -I../Middlewares/Third_Party/LwIP/src/include/netif -I../Middlewares/Third_Party/LwIP/src/include/compat/posix -I../Middlewares/Third_Party/LwIP/src/include/compat/posix/arpa -I../Middlewares/Third_Party/LwIP/src/include/compat/posix/net -I../Middlewares/Third_Party/LwIP/src/include/compat/posix/sys -I../Middlewares/Third_Party/LwIP/src/include/compat/stdc -I../Middlewares/Third_Party/LwIP/system/arch -I../Drivers/BSP/Components/lan8742 -I../Middlewares/Third_Party/LwIP/src/apps/http -O0 -ffunction-sections -fdata-sections -Wall -fstack-usage -fcyclomatic-complexity -MMD -MP -MF"Core/Src/sysmem.d" -MT"Core/Src/sysmem.o" --specs=nano.specs -mfpu=fpv4-sp-d16 -mfloat-abi=hard -mthumb -o "Core/Src/sysmem.o"
arm-none-eabi-gcc "../Core/Src/system_stm32f4xx.c" -mcpu=cortex-m4 -std=gnu11 -g3 -DDEBUG -DUSE_HAL_DRIVER -DSTM32F429xx -c -I../Core/Inc -I../Drivers/STM32F4xx_HAL_Driver/Inc -I../Drivers/STM32F4xx_HAL_Driver/Inc/Legacy -I../Drivers/CMSIS/Device/ST/STM32F4xx/Include -I../Drivers/CMSIS/Include -I../LWIP/App -I../LWIP/Target -I../Middlewares/Third_Party/LwIP/src/include -I../Middlewares/Third_Party/LwIP/system -I../Middlewares/Third_Party/FreeRTOS/Source/include -I../Middlewares/Third_Party/FreeRTOS/Source/CMSIS_RTOS -I../Middlewares/Third_Party/FreeRTOS/Source/portable/GCC/ARM_CM4F -I../Middlewares/Third_Party/LwIP/src/include/netif/ppp -I../Middlewares/Third_Party/LwIP/src/include/lwip -I../Middlewares/Third_Party/LwIP/src/include/lwip/apps -I../Middlewares/Third_Party/LwIP/src/include/lwip/priv -I../Middlewares/Third_Party/LwIP/src/include/lwip/prot -I../Middlewares/Third_Party/LwIP/src/include/netif -I../Middlewares/Third_Party/LwIP/src/include/compat/posix -I../Middlewares/Third_Party/LwIP/src/include/compat/posix/arpa -I../Middlewares/Third_Party/LwIP/src/include/compat/posix/net -I../Middlewares/Third_Party/LwIP/src/include/compat/posix/sys -I../Middlewares/Third_Party/LwIP/src/include/compat/stdc -I../Middlewares/Third_Party/LwIP/system/arch -I../Drivers/BSP/Components/lan8742 -I../Middlewares/Third_Party/LwIP/src/apps/http -O0 -ffunction-sections -fdata-sections -Wall -fstack-usage -fcyclomatic-complexity -MMD -MP -MF"Core/Src/system_stm32f4xx.d" -MT"Core/Src/system_stm32f4xx.o" --specs=nano.specs -mfpu=fpv4-sp-d16 -mfloat-abi=hard -mthumb -o "Core/Src/system_stm32f4xx.o"
arm-none-eabi-gcc "../Core/Src/tcpecho.c" -mcpu=cortex-m4 -std=gnu11 -g3 -DDEBUG -DUSE_HAL_DRIVER -DSTM32F429xx -c -I../Core/Inc -I../Drivers/STM32F4xx_HAL_Driver/Inc -I../Drivers/STM32F4xx_HAL_Driver/Inc/Legacy -I../Drivers/CMSIS/Device/ST/STM32F4xx/Include -I../Drivers/CMSIS/Include -I../LWIP/App -I../LWIP/Target -I../Middlewares/Third_Party/LwIP/src/include -I../Middlewares/Third_Party/LwIP/system -I../Middlewares/Third_Party/FreeRTOS/Source/include -I../Middlewares/Third_Party/FreeRTOS/Source/CMSIS_RTOS -I../Middlewares/Third_Party/FreeRTOS/Source/portable/GCC/ARM_CM4F -I../Middlewares/Third_Party/LwIP/src/include/netif/ppp -I../Middlewares/Third_Party/LwIP/src/include/lwip -I../Middlewares/Third_Party/LwIP/src/include/lwip/apps -I../Middlewares/Third_Party/LwIP/src/include/lwip/priv -I../Middlewares/Third_Party/LwIP/src/include/lwip/prot -I../Middlewares/Third_Party/LwIP/src/include/netif -I../Middlewares/Third_Party/LwIP/src/include/compat/posix -I../Middlewares/Third_Party/LwIP/src/include/compat/posix/arpa -I../Middlewares/Third_Party/LwIP/src/include/compat/posix/net -I../Middlewares/Third_Party/LwIP/src/include/compat/posix/sys -I../Middlewares/Third_Party/LwIP/src/include/compat/stdc -I../Middlewares/Third_Party/LwIP/system/arch -I../Drivers/BSP/Components/lan8742 -I../Middlewares/Third_Party/LwIP/src/apps/http -O0 -ffunction-sections -fdata-sections -Wall -fstack-usage -fcyclomatic-complexity -MMD -MP -MF"Core/Src/tcpecho.d" -MT"Core/Src/tcpecho.o" --specs=nano.specs -mfpu=fpv4-sp-d16 -mfloat-abi=hard -mthumb -o "Core/Src/tcpecho.o"
arm-none-eabi-gcc "../Core/Src/telnet.c" -mcpu=cortex-m4 -std=gnu11 -g3 -DDEBUG -DUSE_HAL_DRIVER -DSTM32F429xx -c -I../Core/Inc -I../Drivers/STM32F4xx_HAL_Driver/Inc -I../Drivers/STM32F4xx_HAL_Driver/Inc/Legacy -I../Drivers/CMSIS/Device/ST/STM32F4xx/Include -I../Drivers/CMSIS/Include -I../LWIP/App -I../LWIP/Target -I../Middlewares/Third_Party/LwIP/src/include -I../Middlewares/Third_Party/LwIP/system -I../Middlewares/Third_Party/FreeRTOS/Source/include -I../Middlewares/Third_Party/FreeRTOS/Source/CMSIS_RTOS -I../Middlewares/Third_Party/FreeRTOS/Source/portable/GCC/ARM_CM4F -I../Middlewares/Third_Party/LwIP/src/include/netif/ppp -I../Middlewares/Third_Party/LwIP/src/include/lwip -I../Middlewares/Third_Party/LwIP/src/include/lwip/apps -I../Middlewares/Third_Party/LwIP/src/include/lwip/priv -I../Middlewares/Third_Party/LwIP/src/include/lwip/prot -I../Middlewares/Third_Party/LwIP/src/include/netif -I../Middlewares/Third_Party/LwIP/src/include/compat/posix -I../Middlewares/Third_Party/LwIP/src/include/compat/posix/arpa -I../Middlewares/Third_Party/LwIP/src/include/compat/posix/net -I../Middlewares/Third_Party/LwIP/src/include/compat/posix/sys -I../Middlewares/Third_Party/LwIP/src/include/compat/stdc -I../Middlewares/Third_Party/LwIP/system/arch -I../Drivers/BSP/Components/lan8742 -I../Middlewares/Third_Party/LwIP/src/apps/http -O0 -ffunction-sections -fdata-sections -Wall -fstack-usage -fcyclomatic-complexity -MMD -MP -MF"Core/Src/telnet.d" -MT"Core/Src/telnet.o" --specs=nano.specs -mfpu=fpv4-sp-d16 -mfloat-abi=hard -mthumb -o "Core/Src/telnet.o"
../Core/Src/telnet.c: In function 'telnet_thread':
../Core/Src/telnet.c:70:21: warning: implicit declaration of function 'telnet_byte_available' [-Wimplicit-function-declaration]
   70 |       while (len--) telnet_byte_available(*data++, newconn);
      |                     ^~~~~~~~~~~~~~~~~~~~~
../Core/Src/telnet.c:70:43: warning: dereferencing 'void *' pointer
   70 |       while (len--) telnet_byte_available(*data++, newconn);
      |                                           ^~~~~~~
../Core/Src/telnet.c:70:43: error: invalid use of void expression
../Core/Src/telnet.c:49:14: warning: unused variable 'accept_err' [-Wunused-variable]
   49 |   err_t err, accept_err;
      |              ^~~~~~~~~~
../Core/Src/telnet.c: At top level:
../Core/Src/telnet.c:86:13: warning: conflicting types for 'telnet_byte_available'; have 'void(uint8_t,  struct netconn *)' {aka 'void(unsigned char,  struct netconn *)'}
   86 | static void telnet_byte_available(uint8_t c, struct netconn *conn)
      |             ^~~~~~~~~~~~~~~~~~~~~
../Core/Src/telnet.c:86:13: error: static declaration of 'telnet_byte_available' follows non-static declaration
../Core/Src/telnet.c:70:21: note: previous implicit declaration of 'telnet_byte_available' with type 'void(uint8_t,  struct netconn *)' {aka 'void(unsigned char,  struct netconn *)'}
   70 |       while (len--) telnet_byte_available(*data++, newconn);
      |                     ^~~~~~~~~~~~~~~~~~~~~
../Core/Src/telnet.c: In function 'telnet_byte_available':
../Core/Src/telnet.c:89:19: error: 'CMD_BUFFER_LEN' undeclared (first use in this function)
   89 |  static char data[CMD_BUFFER_LEN];
      |                   ^~~~~~~~~~~~~~
../Core/Src/telnet.c:89:19: note: each undeclared identifier is reported only once for each function it appears in
../Core/Src/telnet.c:93:2: warning: implicit declaration of function 'telnet_process_command' [-Wimplicit-function-declaration]
   93 |  telnet_process_command(data, conn);
      |  ^~~~~~~~~~~~~~~~~~~~~~
../Core/Src/telnet.c:89:14: warning: unused variable 'data' [-Wunused-variable]
   89 |  static char data[CMD_BUFFER_LEN];
      |              ^~~~
../Core/Src/telnet.c: At top level:
../Core/Src/telnet.c:98:13: warning: conflicting types for 'telnet_process_command'; have 'void(char *, struct netconn *)'
   98 | static void telnet_process_command(char *cmd, struct netconn *conn);
      |             ^~~~~~~~~~~~~~~~~~~~~~
../Core/Src/telnet.c:98:13: error: static declaration of 'telnet_process_command' follows non-static declaration
../Core/Src/telnet.c:93:2: note: previous implicit declaration of 'telnet_process_command' with type 'void(char *, struct netconn *)'
   93 |  telnet_process_command(data, conn);
      |  ^~~~~~~~~~~~~~~~~~~~~~
../Core/Src/telnet.c:98:13: warning: 'telnet_process_command' declared 'static' but never defined [-Wunused-function]
   98 | static void telnet_process_command(char *cmd, struct netconn *conn);
      |             ^~~~~~~~~~~~~~~~~~~~~~
../Core/Src/telnet.c:86:13: warning: 'telnet_byte_available' defined but not used [-Wunused-function]
   86 | static void telnet_byte_available(uint8_t c, struct netconn *conn)
      |             ^~~~~~~~~~~~~~~~~~~~~
make: *** [Core/Src/subdir.mk:46: Core/Src/telnet.o] Error 1
"make -j4 all" terminated with exit code 2. Build might be incomplete.
16:25:27 **** Incremental Build of configuration Debug for project cv122 ****
make -j4 all 
arm-none-eabi-gcc "../Core/Src/telnet.c" -mcpu=cortex-m4 -std=gnu11 -g3 -DDEBUG -DUSE_HAL_DRIVER -DSTM32F429xx -c -I../Core/Inc -I../Drivers/STM32F4xx_HAL_Driver/Inc -I../Drivers/STM32F4xx_HAL_Driver/Inc/Legacy -I../Drivers/CMSIS/Device/ST/STM32F4xx/Include -I../Drivers/CMSIS/Include -I../LWIP/App -I../LWIP/Target -I../Middlewares/Third_Party/LwIP/src/include -I../Middlewares/Third_Party/LwIP/system -I../Middlewares/Third_Party/FreeRTOS/Source/include -I../Middlewares/Third_Party/FreeRTOS/Source/CMSIS_RTOS -I../Middlewares/Third_Party/FreeRTOS/Source/portable/GCC/ARM_CM4F -I../Middlewares/Third_Party/LwIP/src/include/netif/ppp -I../Middlewares/Third_Party/LwIP/src/include/lwip -I../Middlewares/Third_Party/LwIP/src/include/lwip/apps -I../Middlewares/Third_Party/LwIP/src/include/lwip/priv -I../Middlewares/Third_Party/LwIP/src/include/lwip/prot -I../Middlewares/Third_Party/LwIP/src/include/netif -I../Middlewares/Third_Party/LwIP/src/include/compat/posix -I../Middlewares/Third_Party/LwIP/src/include/compat/posix/arpa -I../Middlewares/Third_Party/LwIP/src/include/compat/posix/net -I../Middlewares/Third_Party/LwIP/src/include/compat/posix/sys -I../Middlewares/Third_Party/LwIP/src/include/compat/stdc -I../Middlewares/Third_Party/LwIP/system/arch -I../Drivers/BSP/Components/lan8742 -I../Middlewares/Third_Party/LwIP/src/apps/http -O0 -ffunction-sections -fdata-sections -Wall -fstack-usage -fcyclomatic-complexity -MMD -MP -MF"Core/Src/telnet.d" -MT"Core/Src/telnet.o" --specs=nano.specs -mfpu=fpv4-sp-d16 -mfloat-abi=hard -mthumb -o "Core/Src/telnet.o"
../Core/Src/telnet.c: In function 'telnet_byte_available':
../Core/Src/telnet.c:51:19: error: 'CMD_BUFFER_LEN' undeclared (first use in this function)
   51 |  static char data[CMD_BUFFER_LEN];
      |                   ^~~~~~~~~~~~~~
../Core/Src/telnet.c:51:19: note: each undeclared identifier is reported only once for each function it appears in
../Core/Src/telnet.c:51:14: warning: unused variable 'data' [-Wunused-variable]
   51 |  static char data[CMD_BUFFER_LEN];
      |              ^~~~
../Core/Src/telnet.c: In function 'telnet_thread':
../Core/Src/telnet.c:84:43: warning: dereferencing 'void *' pointer
   84 |       while (len--) telnet_byte_available(*data++, newconn);
      |                                           ^~~~~~~
../Core/Src/telnet.c:84:43: error: invalid use of void expression
../Core/Src/telnet.c:63:14: warning: unused variable 'accept_err' [-Wunused-variable]
   63 |   err_t err, accept_err;
      |              ^~~~~~~~~~
../Core/Src/telnet.c: At top level:
../Core/Src/telnet.c:46:13: warning: 'telnet_process_command' used but never defined
   46 | static void telnet_process_command(char *cmd, struct netconn *conn);
      |             ^~~~~~~~~~~~~~~~~~~~~~
make: *** [Core/Src/subdir.mk:46: Core/Src/telnet.o] Error 1
"make -j4 all" terminated with exit code 2. Build might be incomplete.
16:26:49 **** Incremental Build of configuration Debug for project cv122 ****
make -j4 all 
arm-none-eabi-gcc "../Core/Src/main.c" -mcpu=cortex-m4 -std=gnu11 -g3 -DDEBUG -DUSE_HAL_DRIVER -DSTM32F429xx -c -I../Core/Inc -I../Drivers/STM32F4xx_HAL_Driver/Inc -I../Drivers/STM32F4xx_HAL_Driver/Inc/Legacy -I../Drivers/CMSIS/Device/ST/STM32F4xx/Include -I../Drivers/CMSIS/Include -I../LWIP/App -I../LWIP/Target -I../Middlewares/Third_Party/LwIP/src/include -I../Middlewares/Third_Party/LwIP/system -I../Middlewares/Third_Party/FreeRTOS/Source/include -I../Middlewares/Third_Party/FreeRTOS/Source/CMSIS_RTOS -I../Middlewares/Third_Party/FreeRTOS/Source/portable/GCC/ARM_CM4F -I../Middlewares/Third_Party/LwIP/src/include/netif/ppp -I../Middlewares/Third_Party/LwIP/src/include/lwip -I../Middlewares/Third_Party/LwIP/src/include/lwip/apps -I../Middlewares/Third_Party/LwIP/src/include/lwip/priv -I../Middlewares/Third_Party/LwIP/src/include/lwip/prot -I../Middlewares/Third_Party/LwIP/src/include/netif -I../Middlewares/Third_Party/LwIP/src/include/compat/posix -I../Middlewares/Third_Party/LwIP/src/include/compat/posix/arpa -I../Middlewares/Third_Party/LwIP/src/include/compat/posix/net -I../Middlewares/Third_Party/LwIP/src/include/compat/posix/sys -I../Middlewares/Third_Party/LwIP/src/include/compat/stdc -I../Middlewares/Third_Party/LwIP/system/arch -I../Drivers/BSP/Components/lan8742 -I../Middlewares/Third_Party/LwIP/src/apps/http -O0 -ffunction-sections -fdata-sections -Wall -fstack-usage -fcyclomatic-complexity -MMD -MP -MF"Core/Src/main.d" -MT"Core/Src/main.o" --specs=nano.specs -mfpu=fpv4-sp-d16 -mfloat-abi=hard -mthumb -o "Core/Src/main.o"
arm-none-eabi-gcc "../Core/Src/telnet.c" -mcpu=cortex-m4 -std=gnu11 -g3 -DDEBUG -DUSE_HAL_DRIVER -DSTM32F429xx -c -I../Core/Inc -I../Drivers/STM32F4xx_HAL_Driver/Inc -I../Drivers/STM32F4xx_HAL_Driver/Inc/Legacy -I../Drivers/CMSIS/Device/ST/STM32F4xx/Include -I../Drivers/CMSIS/Include -I../LWIP/App -I../LWIP/Target -I../Middlewares/Third_Party/LwIP/src/include -I../Middlewares/Third_Party/LwIP/system -I../Middlewares/Third_Party/FreeRTOS/Source/include -I../Middlewares/Third_Party/FreeRTOS/Source/CMSIS_RTOS -I../Middlewares/Third_Party/FreeRTOS/Source/portable/GCC/ARM_CM4F -I../Middlewares/Third_Party/LwIP/src/include/netif/ppp -I../Middlewares/Third_Party/LwIP/src/include/lwip -I../Middlewares/Third_Party/LwIP/src/include/lwip/apps -I../Middlewares/Third_Party/LwIP/src/include/lwip/priv -I../Middlewares/Third_Party/LwIP/src/include/lwip/prot -I../Middlewares/Third_Party/LwIP/src/include/netif -I../Middlewares/Third_Party/LwIP/src/include/compat/posix -I../Middlewares/Third_Party/LwIP/src/include/compat/posix/arpa -I../Middlewares/Third_Party/LwIP/src/include/compat/posix/net -I../Middlewares/Third_Party/LwIP/src/include/compat/posix/sys -I../Middlewares/Third_Party/LwIP/src/include/compat/stdc -I../Middlewares/Third_Party/LwIP/system/arch -I../Drivers/BSP/Components/lan8742 -I../Middlewares/Third_Party/LwIP/src/apps/http -O0 -ffunction-sections -fdata-sections -Wall -fstack-usage -fcyclomatic-complexity -MMD -MP -MF"Core/Src/telnet.d" -MT"Core/Src/telnet.o" --specs=nano.specs -mfpu=fpv4-sp-d16 -mfloat-abi=hard -mthumb -o "Core/Src/telnet.o"
../Core/Src/main.c:67:54: warning: 'struct netconn' declared inside parameter list will not be visible outside of this definition or declaration
   67 | static void telnet_process_command(char *cmd, struct netconn *conn);
      |                                                      ^~~~~~~
../Core/Src/main.c:69:53: warning: 'struct netconn' declared inside parameter list will not be visible outside of this definition or declaration
   69 | static void telnet_byte_available(uint8_t c, struct netconn *conn)
      |                                                     ^~~~~~~
../Core/Src/telnet.c: In function 'telnet_thread':
../Core/Src/telnet.c:71:21: warning: implicit declaration of function 'telnet_byte_available' [-Wimplicit-function-declaration]
   71 |       while (len--) telnet_byte_available(*data++, newconn);
      |                     ^~~~~~~~~~~~~~~~~~~~~
../Core/Src/telnet.c:71:43: warning: dereferencing 'void *' pointer
   71 |       while (len--) telnet_byte_available(*data++, newconn);
      |                                           ^~~~~~~
../Core/Src/telnet.c:71:43: error: invalid use of void expression
../Core/Src/telnet.c:50:14: warning: unused variable 'accept_err' [-Wunused-variable]
   50 |   err_t err, accept_err;
      |              ^~~~~~~~~~
../Core/Src/main.c: In function 'telnet_byte_available':
../Core/Src/main.c:72:19: error: 'CMD_BUFFER_LEN' undeclared (first use in this function)
   72 |  static char data[CMD_BUFFER_LEN];
      |                   ^~~~~~~~~~~~~~
../Core/Src/main.c:72:19: note: each undeclared identifier is reported only once for each function it appears in
../Core/Src/main.c:76:31: warning: passing argument 2 of 'telnet_process_command' from incompatible pointer type [-Wincompatible-pointer-types]
   76 |  telnet_process_command(data, conn);
      |                               ^~~~
      |                               |
      |                               struct netconn *
../Core/Src/main.c:67:63: note: expected 'struct netconn *' but argument is of type 'struct netconn *'
   67 | static void telnet_process_command(char *cmd, struct netconn *conn);
      |                                               ~~~~~~~~~~~~~~~~^~~~
../Core/Src/main.c:72:14: warning: unused variable 'data' [-Wunused-variable]
   72 |  static char data[CMD_BUFFER_LEN];
      |              ^~~~
../Core/Src/main.c: At top level:
../Core/Src/main.c:67:13: warning: 'telnet_process_command' used but never defined
   67 | static void telnet_process_command(char *cmd, struct netconn *conn);
      |             ^~~~~~~~~~~~~~~~~~~~~~
../Core/Src/main.c:69:13: warning: 'telnet_byte_available' defined but not used [-Wunused-function]
   69 | static void telnet_byte_available(uint8_t c, struct netconn *conn)
      |             ^~~~~~~~~~~~~~~~~~~~~
make: *** [Core/Src/subdir.mk:46: Core/Src/telnet.o] Error 1
make: *** Waiting for unfinished jobs....
make: *** [Core/Src/subdir.mk:46: Core/Src/main.o] Error 1
"make -j4 all" terminated with exit code 2. Build might be incomplete.
16:29:51 **** Incremental Build of configuration Debug for project cv122 ****
make -j4 all 
arm-none-eabi-gcc "../Core/Src/main.c" -mcpu=cortex-m4 -std=gnu11 -g3 -DDEBUG -DUSE_HAL_DRIVER -DSTM32F429xx -c -I../Core/Inc -I../Drivers/STM32F4xx_HAL_Driver/Inc -I../Drivers/STM32F4xx_HAL_Driver/Inc/Legacy -I../Drivers/CMSIS/Device/ST/STM32F4xx/Include -I../Drivers/CMSIS/Include -I../LWIP/App -I../LWIP/Target -I../Middlewares/Third_Party/LwIP/src/include -I../Middlewares/Third_Party/LwIP/system -I../Middlewares/Third_Party/FreeRTOS/Source/include -I../Middlewares/Third_Party/FreeRTOS/Source/CMSIS_RTOS -I../Middlewares/Third_Party/FreeRTOS/Source/portable/GCC/ARM_CM4F -I../Middlewares/Third_Party/LwIP/src/include/netif/ppp -I../Middlewares/Third_Party/LwIP/src/include/lwip -I../Middlewares/Third_Party/LwIP/src/include/lwip/apps -I../Middlewares/Third_Party/LwIP/src/include/lwip/priv -I../Middlewares/Third_Party/LwIP/src/include/lwip/prot -I../Middlewares/Third_Party/LwIP/src/include/netif -I../Middlewares/Third_Party/LwIP/src/include/compat/posix -I../Middlewares/Third_Party/LwIP/src/include/compat/posix/arpa -I../Middlewares/Third_Party/LwIP/src/include/compat/posix/net -I../Middlewares/Third_Party/LwIP/src/include/compat/posix/sys -I../Middlewares/Third_Party/LwIP/src/include/compat/stdc -I../Middlewares/Third_Party/LwIP/system/arch -I../Drivers/BSP/Components/lan8742 -I../Middlewares/Third_Party/LwIP/src/apps/http -O0 -ffunction-sections -fdata-sections -Wall -fstack-usage -fcyclomatic-complexity -MMD -MP -MF"Core/Src/main.d" -MT"Core/Src/main.o" --specs=nano.specs -mfpu=fpv4-sp-d16 -mfloat-abi=hard -mthumb -o "Core/Src/main.o"
arm-none-eabi-gcc "../Core/Src/telnet.c" -mcpu=cortex-m4 -std=gnu11 -g3 -DDEBUG -DUSE_HAL_DRIVER -DSTM32F429xx -c -I../Core/Inc -I../Drivers/STM32F4xx_HAL_Driver/Inc -I../Drivers/STM32F4xx_HAL_Driver/Inc/Legacy -I../Drivers/CMSIS/Device/ST/STM32F4xx/Include -I../Drivers/CMSIS/Include -I../LWIP/App -I../LWIP/Target -I../Middlewares/Third_Party/LwIP/src/include -I../Middlewares/Third_Party/LwIP/system -I../Middlewares/Third_Party/FreeRTOS/Source/include -I../Middlewares/Third_Party/FreeRTOS/Source/CMSIS_RTOS -I../Middlewares/Third_Party/FreeRTOS/Source/portable/GCC/ARM_CM4F -I../Middlewares/Third_Party/LwIP/src/include/netif/ppp -I../Middlewares/Third_Party/LwIP/src/include/lwip -I../Middlewares/Third_Party/LwIP/src/include/lwip/apps -I../Middlewares/Third_Party/LwIP/src/include/lwip/priv -I../Middlewares/Third_Party/LwIP/src/include/lwip/prot -I../Middlewares/Third_Party/LwIP/src/include/netif -I../Middlewares/Third_Party/LwIP/src/include/compat/posix -I../Middlewares/Third_Party/LwIP/src/include/compat/posix/arpa -I../Middlewares/Third_Party/LwIP/src/include/compat/posix/net -I../Middlewares/Third_Party/LwIP/src/include/compat/posix/sys -I../Middlewares/Third_Party/LwIP/src/include/compat/stdc -I../Middlewares/Third_Party/LwIP/system/arch -I../Drivers/BSP/Components/lan8742 -I../Middlewares/Third_Party/LwIP/src/apps/http -O0 -ffunction-sections -fdata-sections -Wall -fstack-usage -fcyclomatic-complexity -MMD -MP -MF"Core/Src/telnet.d" -MT"Core/Src/telnet.o" --specs=nano.specs -mfpu=fpv4-sp-d16 -mfloat-abi=hard -mthumb -o "Core/Src/telnet.o"
../Core/Src/telnet.c: In function 'telnet_byte_available':
../Core/Src/telnet.c:51:19: error: 'CMD_BUFFER_LEN' undeclared (first use in this function)
   51 |  static char data[CMD_BUFFER_LEN];
      |                   ^~~~~~~~~~~~~~
../Core/Src/telnet.c:51:19: note: each undeclared identifier is reported only once for each function it appears in
../Core/Src/telnet.c:51:14: warning: unused variable 'data' [-Wunused-variable]
   51 |  static char data[CMD_BUFFER_LEN];
      |              ^~~~
../Core/Src/telnet.c: In function 'telnet_thread':
../Core/Src/telnet.c:62:14: warning: unused variable 'accept_err' [-Wunused-variable]
   62 |   err_t err, accept_err;
      |              ^~~~~~~~~~
../Core/Src/telnet.c: At top level:
../Core/Src/telnet.c:46:13: warning: 'telnet_process_command' used but never defined
   46 | static void telnet_process_command(char *cmd, struct netconn *conn);
      |             ^~~~~~~~~~~~~~~~~~~~~~
../Core/Src/telnet.c:48:13: warning: 'telnet_byte_available' defined but not used [-Wunused-function]
   48 | static void telnet_byte_available(uint8_t c, struct netconn *conn)
      |             ^~~~~~~~~~~~~~~~~~~~~
make: *** [Core/Src/subdir.mk:46: Core/Src/telnet.o] Error 1
make: *** Waiting for unfinished jobs....
"make -j4 all" terminated with exit code 2. Build might be incomplete.
16:30:58 **** Incremental Build of configuration Debug for project cv122 ****
make -j4 all 
arm-none-eabi-gcc "../Core/Src/telnet.c" -mcpu=cortex-m4 -std=gnu11 -g3 -DDEBUG -DUSE_HAL_DRIVER -DSTM32F429xx -c -I../Core/Inc -I../Drivers/STM32F4xx_HAL_Driver/Inc -I../Drivers/STM32F4xx_HAL_Driver/Inc/Legacy -I../Drivers/CMSIS/Device/ST/STM32F4xx/Include -I../Drivers/CMSIS/Include -I../LWIP/App -I../LWIP/Target -I../Middlewares/Third_Party/LwIP/src/include -I../Middlewares/Third_Party/LwIP/system -I../Middlewares/Third_Party/FreeRTOS/Source/include -I../Middlewares/Third_Party/FreeRTOS/Source/CMSIS_RTOS -I../Middlewares/Third_Party/FreeRTOS/Source/portable/GCC/ARM_CM4F -I../Middlewares/Third_Party/LwIP/src/include/netif/ppp -I../Middlewares/Third_Party/LwIP/src/include/lwip -I../Middlewares/Third_Party/LwIP/src/include/lwip/apps -I../Middlewares/Third_Party/LwIP/src/include/lwip/priv -I../Middlewares/Third_Party/LwIP/src/include/lwip/prot -I../Middlewares/Third_Party/LwIP/src/include/netif -I../Middlewares/Third_Party/LwIP/src/include/compat/posix -I../Middlewares/Third_Party/LwIP/src/include/compat/posix/arpa -I../Middlewares/Third_Party/LwIP/src/include/compat/posix/net -I../Middlewares/Third_Party/LwIP/src/include/compat/posix/sys -I../Middlewares/Third_Party/LwIP/src/include/compat/stdc -I../Middlewares/Third_Party/LwIP/system/arch -I../Drivers/BSP/Components/lan8742 -I../Middlewares/Third_Party/LwIP/src/apps/http -O0 -ffunction-sections -fdata-sections -Wall -fstack-usage -fcyclomatic-complexity -MMD -MP -MF"Core/Src/telnet.d" -MT"Core/Src/telnet.o" --specs=nano.specs -mfpu=fpv4-sp-d16 -mfloat-abi=hard -mthumb -o "Core/Src/telnet.o"
../Core/Src/telnet.c: In function 'telnet_thread':
../Core/Src/telnet.c:62:14: warning: unused variable 'accept_err' [-Wunused-variable]
   62 |   err_t err, accept_err;
      |              ^~~~~~~~~~
../Core/Src/telnet.c: At top level:
../Core/Src/telnet.c:46:13: warning: 'telnet_process_command' used but never defined
   46 | static void telnet_process_command(char *cmd, struct netconn *conn);
      |             ^~~~~~~~~~~~~~~~~~~~~~
../Core/Src/telnet.c:48:13: warning: 'telnet_byte_available' defined but not used [-Wunused-function]
   48 | static void telnet_byte_available(uint8_t c, struct netconn *conn)
      |             ^~~~~~~~~~~~~~~~~~~~~
In file included from ../Core/Src/telnet.c:39:
../Core/Src/telnet.c: In function 'telnet_thread':
../Middlewares/Third_Party/LwIP/src/include/lwip/api.h:349:11: warning: 'newconn' may be used uninitialized [-Wmaybe-uninitialized]
  349 |           netconn_write_partly(conn, dataptr, size, apiflags, NULL)
      |           ^~~~~~~~~~~~~~~~~~~~
../Core/Src/telnet.c:61:26: note: 'newconn' was declared here
   61 |   struct netconn *conn, *newconn;
      |                          ^~~~~~~
arm-none-eabi-gcc -o "cv122.elf" @"objects.list"   -mcpu=cortex-m4 -T"C:\Users\xspani02\Documents\MKS2023\cv122\STM32F429ZITX_FLASH.ld" --specs=nosys.specs -Wl,-Map="cv122.map" -Wl,--gc-sections -static --specs=nano.specs -mfpu=fpv4-sp-d16 -mfloat-abi=hard -mthumb -Wl,--start-group -lc -lm -Wl,--end-group
Finished building target: cv122.elf
 
arm-none-eabi-size   cv122.elf 
arm-none-eabi-objdump -h -S  cv122.elf  > "cv122.list"
   text	   data	    bss	    dec	    hex	filename
 159760	    152	  71088	 231000	  38658	cv122.elf
Finished building: default.size.stdout
 
Finished building: cv122.list
 
16:38:32 **** Incremental Build of configuration Debug for project cv122 ****
make -j4 all 
arm-none-eabi-gcc "../Core/Src/telnet.c" -mcpu=cortex-m4 -std=gnu11 -g3 -DDEBUG -DUSE_HAL_DRIVER -DSTM32F429xx -c -I../Core/Inc -I../Drivers/STM32F4xx_HAL_Driver/Inc -I../Drivers/STM32F4xx_HAL_Driver/Inc/Legacy -I../Drivers/CMSIS/Device/ST/STM32F4xx/Include -I../Drivers/CMSIS/Include -I../LWIP/App -I../LWIP/Target -I../Middlewares/Third_Party/LwIP/src/include -I../Middlewares/Third_Party/LwIP/system -I../Middlewares/Third_Party/FreeRTOS/Source/include -I../Middlewares/Third_Party/FreeRTOS/Source/CMSIS_RTOS -I../Middlewares/Third_Party/FreeRTOS/Source/portable/GCC/ARM_CM4F -I../Middlewares/Third_Party/LwIP/src/include/netif/ppp -I../Middlewares/Third_Party/LwIP/src/include/lwip -I../Middlewares/Third_Party/LwIP/src/include/lwip/apps -I../Middlewares/Third_Party/LwIP/src/include/lwip/priv -I../Middlewares/Third_Party/LwIP/src/include/lwip/prot -I../Middlewares/Third_Party/LwIP/src/include/netif -I../Middlewares/Third_Party/LwIP/src/include/compat/posix -I../Middlewares/Third_Party/LwIP/src/include/compat/posix/arpa -I../Middlewares/Third_Party/LwIP/src/include/compat/posix/net -I../Middlewares/Third_Party/LwIP/src/include/compat/posix/sys -I../Middlewares/Third_Party/LwIP/src/include/compat/stdc -I../Middlewares/Third_Party/LwIP/system/arch -I../Drivers/BSP/Components/lan8742 -I../Middlewares/Third_Party/LwIP/src/apps/http -O0 -ffunction-sections -fdata-sections -Wall -fstack-usage -fcyclomatic-complexity -MMD -MP -MF"Core/Src/telnet.d" -MT"Core/Src/telnet.o" --specs=nano.specs -mfpu=fpv4-sp-d16 -mfloat-abi=hard -mthumb -o "Core/Src/telnet.o"
../Core/Src/telnet.c: In function 'telnet_byte_available':
../Core/Src/telnet.c:56:6: warning: implicit declaration of function 'strcmp' [-Wimplicit-function-declaration]
   56 |  if (strcmp(data, "HELLO") == 0) {
      |      ^~~~~~
../Core/Src/telnet.c:40:1: note: include '<string.h>' or provide a declaration of 'strcmp'
   39 | #include "lwip/api.h"
  +++ |+#include <string.h>
   40 | 
../Core/Src/telnet.c:57:10: error: 's' undeclared (first use in this function)
   57 |          s = sprintf("Komunikace OK");
      |          ^
../Core/Src/telnet.c:57:10: note: each undeclared identifier is reported only once for each function it appears in
../Core/Src/telnet.c:57:14: error: too few arguments to function 'sprintf'
   57 |          s = sprintf("Komunikace OK");
      |              ^~~~~~~
In file included from ../Middlewares/Third_Party/LwIP/system/arch/cc.h:37,
                 from ../Middlewares/Third_Party/LwIP/src/include/lwip/arch.h:48,
                 from ../Middlewares/Third_Party/LwIP/src/include/lwip/debug.h:40,
                 from ../Middlewares/Third_Party/LwIP/src/include/lwip/opt.h:52,
                 from ../Core/Src/telnet.c:34:
C:\appz\ST\STM32CubeIDE_1.10.1\STM32CubeIDE\plugins\com.st.stm32cube.ide.mcu.externaltools.gnu-tools-for-stm32.11.3.rel1.win32_1.1.0.202305231506\tools\bin/../lib/gcc/arm-none-eabi/11.3.1/../../../../arm-none-eabi/include/stdio.h:254:9: note: declared here
  254 | int     sprintf (char *__restrict, const char *__restrict, ...)
      |         ^~~~~~~
In file included from ../Core/Src/telnet.c:39:
../Core/Src/telnet.c:58:33: warning: implicit declaration of function 'strlen' [-Wimplicit-function-declaration]
   58 |          netconn_write(conn, s, strlen(s), NETCONN_COPY);
      |                                 ^~~~~~
../Middlewares/Third_Party/LwIP/src/include/lwip/api.h:349:47: note: in definition of macro 'netconn_write'
  349 |           netconn_write_partly(conn, dataptr, size, apiflags, NULL)
      |                                               ^~~~
../Core/Src/telnet.c:58:33: note: include '<string.h>' or provide a declaration of 'strlen'
   58 |          netconn_write(conn, s, strlen(s), NETCONN_COPY);
      |                                 ^~~~~~
../Middlewares/Third_Party/LwIP/src/include/lwip/api.h:349:47: note: in definition of macro 'netconn_write'
  349 |           netconn_write_partly(conn, dataptr, size, apiflags, NULL)
      |                                               ^~~~
../Core/Src/telnet.c:58:33: warning: incompatible implicit declaration of built-in function 'strlen' [-Wbuiltin-declaration-mismatch]
   58 |          netconn_write(conn, s, strlen(s), NETCONN_COPY);
      |                                 ^~~~~~
../Middlewares/Third_Party/LwIP/src/include/lwip/api.h:349:47: note: in definition of macro 'netconn_write'
  349 |           netconn_write_partly(conn, dataptr, size, apiflags, NULL)
      |                                               ^~~~
../Core/Src/telnet.c:58:33: note: include '<string.h>' or provide a declaration of 'strlen'
   58 |          netconn_write(conn, s, strlen(s), NETCONN_COPY);
      |                                 ^~~~~~
../Middlewares/Third_Party/LwIP/src/include/lwip/api.h:349:47: note: in definition of macro 'netconn_write'
  349 |           netconn_write_partly(conn, dataptr, size, apiflags, NULL)
      |                                               ^~~~
../Core/Src/telnet.c: In function 'telnet_thread':
../Core/Src/telnet.c:66:14: warning: unused variable 'accept_err' [-Wunused-variable]
   66 |   err_t err, accept_err;
      |              ^~~~~~~~~~
../Core/Src/telnet.c: At top level:
../Core/Src/telnet.c:46:13: warning: 'telnet_process_command' used but never defined
   46 | static void telnet_process_command(char *cmd, struct netconn *conn);
      |             ^~~~~~~~~~~~~~~~~~~~~~
../Core/Src/telnet.c:48:13: warning: 'telnet_byte_available' defined but not used [-Wunused-function]
   48 | static void telnet_byte_available(uint8_t c, struct netconn *conn)
      |             ^~~~~~~~~~~~~~~~~~~~~
make: *** [Core/Src/subdir.mk:46: Core/Src/telnet.o] Error 1
"make -j4 all" terminated with exit code 2. Build might be incomplete.
16:40:43 **** Incremental Build of configuration Debug for project cv122 ****
make -j4 all 
arm-none-eabi-gcc "../Core/Src/telnet.c" -mcpu=cortex-m4 -std=gnu11 -g3 -DDEBUG -DUSE_HAL_DRIVER -DSTM32F429xx -c -I../Core/Inc -I../Drivers/STM32F4xx_HAL_Driver/Inc -I../Drivers/STM32F4xx_HAL_Driver/Inc/Legacy -I../Drivers/CMSIS/Device/ST/STM32F4xx/Include -I../Drivers/CMSIS/Include -I../LWIP/App -I../LWIP/Target -I../Middlewares/Third_Party/LwIP/src/include -I../Middlewares/Third_Party/LwIP/system -I../Middlewares/Third_Party/FreeRTOS/Source/include -I../Middlewares/Third_Party/FreeRTOS/Source/CMSIS_RTOS -I../Middlewares/Third_Party/FreeRTOS/Source/portable/GCC/ARM_CM4F -I../Middlewares/Third_Party/LwIP/src/include/netif/ppp -I../Middlewares/Third_Party/LwIP/src/include/lwip -I../Middlewares/Third_Party/LwIP/src/include/lwip/apps -I../Middlewares/Third_Party/LwIP/src/include/lwip/priv -I../Middlewares/Third_Party/LwIP/src/include/lwip/prot -I../Middlewares/Third_Party/LwIP/src/include/netif -I../Middlewares/Third_Party/LwIP/src/include/compat/posix -I../Middlewares/Third_Party/LwIP/src/include/compat/posix/arpa -I../Middlewares/Third_Party/LwIP/src/include/compat/posix/net -I../Middlewares/Third_Party/LwIP/src/include/compat/posix/sys -I../Middlewares/Third_Party/LwIP/src/include/compat/stdc -I../Middlewares/Third_Party/LwIP/system/arch -I../Drivers/BSP/Components/lan8742 -I../Middlewares/Third_Party/LwIP/src/apps/http -O0 -ffunction-sections -fdata-sections -Wall -fstack-usage -fcyclomatic-complexity -MMD -MP -MF"Core/Src/telnet.d" -MT"Core/Src/telnet.o" --specs=nano.specs -mfpu=fpv4-sp-d16 -mfloat-abi=hard -mthumb -o "Core/Src/telnet.o"
../Core/Src/telnet.c: In function 'telnet_byte_available':
../Core/Src/telnet.c:56:7: error: array size missing in 's'
   56 |  char s[];
      |       ^
../Core/Src/telnet.c:57:6: warning: implicit declaration of function 'strcmp' [-Wimplicit-function-declaration]
   57 |  if (strcmp(data, "HELLO") == 0) {
      |      ^~~~~~
../Core/Src/telnet.c:40:1: note: include '<string.h>' or provide a declaration of 'strcmp'
   39 | #include "lwip/api.h"
  +++ |+#include <string.h>
   40 | 
In file included from ../Core/Src/telnet.c:39:
../Core/Src/telnet.c:59:33: warning: implicit declaration of function 'strlen' [-Wimplicit-function-declaration]
   59 |          netconn_write(conn, s, strlen(s), NETCONN_COPY);
      |                                 ^~~~~~
../Middlewares/Third_Party/LwIP/src/include/lwip/api.h:349:47: note: in definition of macro 'netconn_write'
  349 |           netconn_write_partly(conn, dataptr, size, apiflags, NULL)
      |                                               ^~~~
../Core/Src/telnet.c:59:33: note: include '<string.h>' or provide a declaration of 'strlen'
   59 |          netconn_write(conn, s, strlen(s), NETCONN_COPY);
      |                                 ^~~~~~
../Middlewares/Third_Party/LwIP/src/include/lwip/api.h:349:47: note: in definition of macro 'netconn_write'
  349 |           netconn_write_partly(conn, dataptr, size, apiflags, NULL)
      |                                               ^~~~
../Core/Src/telnet.c:59:33: warning: incompatible implicit declaration of built-in function 'strlen' [-Wbuiltin-declaration-mismatch]
   59 |          netconn_write(conn, s, strlen(s), NETCONN_COPY);
      |                                 ^~~~~~
../Middlewares/Third_Party/LwIP/src/include/lwip/api.h:349:47: note: in definition of macro 'netconn_write'
  349 |           netconn_write_partly(conn, dataptr, size, apiflags, NULL)
      |                                               ^~~~
../Core/Src/telnet.c:59:33: note: include '<string.h>' or provide a declaration of 'strlen'
   59 |          netconn_write(conn, s, strlen(s), NETCONN_COPY);
      |                                 ^~~~~~
../Middlewares/Third_Party/LwIP/src/include/lwip/api.h:349:47: note: in definition of macro 'netconn_write'
  349 |           netconn_write_partly(conn, dataptr, size, apiflags, NULL)
      |                                               ^~~~
../Core/Src/telnet.c: In function 'telnet_thread':
../Core/Src/telnet.c:67:14: warning: unused variable 'accept_err' [-Wunused-variable]
   67 |   err_t err, accept_err;
      |              ^~~~~~~~~~
../Core/Src/telnet.c: At top level:
../Core/Src/telnet.c:46:13: warning: 'telnet_process_command' used but never defined
   46 | static void telnet_process_command(char *cmd, struct netconn *conn);
      |             ^~~~~~~~~~~~~~~~~~~~~~
../Core/Src/telnet.c: In function 'telnet_byte_available':
../Core/Src/telnet.c:58:23: warning: 'Komunikace OK' directive writing 13 bytes into a region of size 1 [-Wformat-overflow=]
   58 |          sprintf(s, "Komunikace OK");
      |                      ~^~~~~~~~~~~~
../Core/Src/telnet.c:58:10: note: 'sprintf' output 14 bytes into a destination of size 1
   58 |          sprintf(s, "Komunikace OK");
      |          ^~~~~~~~~~~~~~~~~~~~~~~~~~~
At top level:
../Core/Src/telnet.c:48:13: warning: 'telnet_byte_available' defined but not used [-Wunused-function]
   48 | static void telnet_byte_available(uint8_t c, struct netconn *conn)
      |             ^~~~~~~~~~~~~~~~~~~~~
make: *** [Core/Src/subdir.mk:46: Core/Src/telnet.o] Error 1
"make -j4 all" terminated with exit code 2. Build might be incomplete.
16:41:00 **** Incremental Build of configuration Debug for project cv122 ****
make -j4 all 
arm-none-eabi-gcc "../Core/Src/telnet.c" -mcpu=cortex-m4 -std=gnu11 -g3 -DDEBUG -DUSE_HAL_DRIVER -DSTM32F429xx -c -I../Core/Inc -I../Drivers/STM32F4xx_HAL_Driver/Inc -I../Drivers/STM32F4xx_HAL_Driver/Inc/Legacy -I../Drivers/CMSIS/Device/ST/STM32F4xx/Include -I../Drivers/CMSIS/Include -I../LWIP/App -I../LWIP/Target -I../Middlewares/Third_Party/LwIP/src/include -I../Middlewares/Third_Party/LwIP/system -I../Middlewares/Third_Party/FreeRTOS/Source/include -I../Middlewares/Third_Party/FreeRTOS/Source/CMSIS_RTOS -I../Middlewares/Third_Party/FreeRTOS/Source/portable/GCC/ARM_CM4F -I../Middlewares/Third_Party/LwIP/src/include/netif/ppp -I../Middlewares/Third_Party/LwIP/src/include/lwip -I../Middlewares/Third_Party/LwIP/src/include/lwip/apps -I../Middlewares/Third_Party/LwIP/src/include/lwip/priv -I../Middlewares/Third_Party/LwIP/src/include/lwip/prot -I../Middlewares/Third_Party/LwIP/src/include/netif -I../Middlewares/Third_Party/LwIP/src/include/compat/posix -I../Middlewares/Third_Party/LwIP/src/include/compat/posix/arpa -I../Middlewares/Third_Party/LwIP/src/include/compat/posix/net -I../Middlewares/Third_Party/LwIP/src/include/compat/posix/sys -I../Middlewares/Third_Party/LwIP/src/include/compat/stdc -I../Middlewares/Third_Party/LwIP/system/arch -I../Drivers/BSP/Components/lan8742 -I../Middlewares/Third_Party/LwIP/src/apps/http -O0 -ffunction-sections -fdata-sections -Wall -fstack-usage -fcyclomatic-complexity -MMD -MP -MF"Core/Src/telnet.d" -MT"Core/Src/telnet.o" --specs=nano.specs -mfpu=fpv4-sp-d16 -mfloat-abi=hard -mthumb -o "Core/Src/telnet.o"
../Core/Src/telnet.c: In function 'telnet_byte_available':
../Core/Src/telnet.c:57:6: warning: implicit declaration of function 'strcmp' [-Wimplicit-function-declaration]
   57 |  if (strcmp(data, "HELLO") == 0) {
      |      ^~~~~~
../Core/Src/telnet.c:40:1: note: include '<string.h>' or provide a declaration of 'strcmp'
   39 | #include "lwip/api.h"
  +++ |+#include <string.h>
   40 | 
In file included from ../Core/Src/telnet.c:39:
../Core/Src/telnet.c:59:33: warning: implicit declaration of function 'strlen' [-Wimplicit-function-declaration]
   59 |          netconn_write(conn, s, strlen(s), NETCONN_COPY);
      |                                 ^~~~~~
../Middlewares/Third_Party/LwIP/src/include/lwip/api.h:349:47: note: in definition of macro 'netconn_write'
  349 |           netconn_write_partly(conn, dataptr, size, apiflags, NULL)
      |                                               ^~~~
../Core/Src/telnet.c:59:33: note: include '<string.h>' or provide a declaration of 'strlen'
   59 |          netconn_write(conn, s, strlen(s), NETCONN_COPY);
      |                                 ^~~~~~
../Middlewares/Third_Party/LwIP/src/include/lwip/api.h:349:47: note: in definition of macro 'netconn_write'
  349 |           netconn_write_partly(conn, dataptr, size, apiflags, NULL)
      |                                               ^~~~
../Core/Src/telnet.c:59:33: warning: incompatible implicit declaration of built-in function 'strlen' [-Wbuiltin-declaration-mismatch]
   59 |          netconn_write(conn, s, strlen(s), NETCONN_COPY);
      |                                 ^~~~~~
../Middlewares/Third_Party/LwIP/src/include/lwip/api.h:349:47: note: in definition of macro 'netconn_write'
  349 |           netconn_write_partly(conn, dataptr, size, apiflags, NULL)
      |                                               ^~~~
../Core/Src/telnet.c:59:33: note: include '<string.h>' or provide a declaration of 'strlen'
   59 |          netconn_write(conn, s, strlen(s), NETCONN_COPY);
      |                                 ^~~~~~
../Middlewares/Third_Party/LwIP/src/include/lwip/api.h:349:47: note: in definition of macro 'netconn_write'
  349 |           netconn_write_partly(conn, dataptr, size, apiflags, NULL)
      |                                               ^~~~
../Core/Src/telnet.c: In function 'telnet_thread':
../Core/Src/telnet.c:67:14: warning: unused variable 'accept_err' [-Wunused-variable]
   67 |   err_t err, accept_err;
      |              ^~~~~~~~~~
../Core/Src/telnet.c: At top level:
../Core/Src/telnet.c:46:13: warning: 'telnet_process_command' used but never defined
   46 | static void telnet_process_command(char *cmd, struct netconn *conn);
      |             ^~~~~~~~~~~~~~~~~~~~~~
../Core/Src/telnet.c:48:13: warning: 'telnet_byte_available' defined but not used [-Wunused-function]
   48 | static void telnet_byte_available(uint8_t c, struct netconn *conn)
      |             ^~~~~~~~~~~~~~~~~~~~~
In file included from ../Core/Src/telnet.c:39:
../Core/Src/telnet.c: In function 'telnet_thread':
../Middlewares/Third_Party/LwIP/src/include/lwip/api.h:349:11: warning: 'newconn' may be used uninitialized [-Wmaybe-uninitialized]
  349 |           netconn_write_partly(conn, dataptr, size, apiflags, NULL)
      |           ^~~~~~~~~~~~~~~~~~~~
../Core/Src/telnet.c:66:26: note: 'newconn' was declared here
   66 |   struct netconn *conn, *newconn;
      |                          ^~~~~~~
arm-none-eabi-gcc -o "cv122.elf" @"objects.list"   -mcpu=cortex-m4 -T"C:\Users\xspani02\Documents\MKS2023\cv122\STM32F429ZITX_FLASH.ld" --specs=nosys.specs -Wl,-Map="cv122.map" -Wl,--gc-sections -static --specs=nano.specs -mfpu=fpv4-sp-d16 -mfloat-abi=hard -mthumb -Wl,--start-group -lc -lm -Wl,--end-group
Finished building target: cv122.elf
 
arm-none-eabi-size   cv122.elf 
arm-none-eabi-objdump -h -S  cv122.elf  > "cv122.list"
   text	   data	    bss	    dec	    hex	filename
 159784	    152	  71088	 231024	  38670	cv122.elf
Finished building: default.size.stdout
 
Finished building: cv122.list
 
16:45:23 **** Incremental Build of configuration Debug for project cv122 ****
make -j4 all 
arm-none-eabi-gcc "../Core/Src/main.c" -mcpu=cortex-m4 -std=gnu11 -g3 -DDEBUG -DUSE_HAL_DRIVER -DSTM32F429xx -c -I../Core/Inc -I../Drivers/STM32F4xx_HAL_Driver/Inc -I../Drivers/STM32F4xx_HAL_Driver/Inc/Legacy -I../Drivers/CMSIS/Device/ST/STM32F4xx/Include -I../Drivers/CMSIS/Include -I../LWIP/App -I../LWIP/Target -I../Middlewares/Third_Party/LwIP/src/include -I../Middlewares/Third_Party/LwIP/system -I../Middlewares/Third_Party/FreeRTOS/Source/include -I../Middlewares/Third_Party/FreeRTOS/Source/CMSIS_RTOS -I../Middlewares/Third_Party/FreeRTOS/Source/portable/GCC/ARM_CM4F -I../Middlewares/Third_Party/LwIP/src/include/netif/ppp -I../Middlewares/Third_Party/LwIP/src/include/lwip -I../Middlewares/Third_Party/LwIP/src/include/lwip/apps -I../Middlewares/Third_Party/LwIP/src/include/lwip/priv -I../Middlewares/Third_Party/LwIP/src/include/lwip/prot -I../Middlewares/Third_Party/LwIP/src/include/netif -I../Middlewares/Third_Party/LwIP/src/include/compat/posix -I../Middlewares/Third_Party/LwIP/src/include/compat/posix/arpa -I../Middlewares/Third_Party/LwIP/src/include/compat/posix/net -I../Middlewares/Third_Party/LwIP/src/include/compat/posix/sys -I../Middlewares/Third_Party/LwIP/src/include/compat/stdc -I../Middlewares/Third_Party/LwIP/system/arch -I../Drivers/BSP/Components/lan8742 -I../Middlewares/Third_Party/LwIP/src/apps/http -O0 -ffunction-sections -fdata-sections -Wall -fstack-usage -fcyclomatic-complexity -MMD -MP -MF"Core/Src/main.d" -MT"Core/Src/main.o" --specs=nano.specs -mfpu=fpv4-sp-d16 -mfloat-abi=hard -mthumb -o "Core/Src/main.o"
../Core/Src/main.c: In function 'main':
../Core/Src/main.c:139:11: warning: implicit declaration of function 'netbuf_data' [-Wimplicit-function-declaration]
  139 |           netbuf_data(buf, (void**)&data, &len);
      |           ^~~~~~~~~~~
../Core/Src/main.c:139:23: error: 'buf' undeclared (first use in this function); did you mean 'pbuf'?
  139 |           netbuf_data(buf, (void**)&data, &len);
      |                       ^~~
      |                       pbuf
../Core/Src/main.c:139:23: note: each undeclared identifier is reported only once for each function it appears in
../Core/Src/main.c:139:37: error: 'data' undeclared (first use in this function)
  139 |           netbuf_data(buf, (void**)&data, &len);
      |                                     ^~~~
../Core/Src/main.c:139:44: error: 'len' undeclared (first use in this function); did you mean 'mblen'?
  139 |           netbuf_data(buf, (void**)&data, &len);
      |                                            ^~~
      |                                            mblen
../Core/Src/main.c:140:25: warning: implicit declaration of function 'telnet_byte_available' [-Wimplicit-function-declaration]
  140 |           while (len--) telnet_byte_available(*data++, newconn);
      |                         ^~~~~~~~~~~~~~~~~~~~~
../Core/Src/main.c:140:56: error: 'newconn' undeclared (first use in this function)
  140 |           while (len--) telnet_byte_available(*data++, newconn);
      |                                                        ^~~~~~~
make: *** [Core/Src/subdir.mk:46: Core/Src/main.o] Error 1
"make -j4 all" terminated with exit code 2. Build might be incomplete.
16:47:04 **** Incremental Build of configuration Debug for project cv122 ****
make -j4 all 
arm-none-eabi-gcc "../Core/Src/main.c" -mcpu=cortex-m4 -std=gnu11 -g3 -DDEBUG -DUSE_HAL_DRIVER -DSTM32F429xx -c -I../Core/Inc -I../Drivers/STM32F4xx_HAL_Driver/Inc -I../Drivers/STM32F4xx_HAL_Driver/Inc/Legacy -I../Drivers/CMSIS/Device/ST/STM32F4xx/Include -I../Drivers/CMSIS/Include -I../LWIP/App -I../LWIP/Target -I../Middlewares/Third_Party/LwIP/src/include -I../Middlewares/Third_Party/LwIP/system -I../Middlewares/Third_Party/FreeRTOS/Source/include -I../Middlewares/Third_Party/FreeRTOS/Source/CMSIS_RTOS -I../Middlewares/Third_Party/FreeRTOS/Source/portable/GCC/ARM_CM4F -I../Middlewares/Third_Party/LwIP/src/include/netif/ppp -I../Middlewares/Third_Party/LwIP/src/include/lwip -I../Middlewares/Third_Party/LwIP/src/include/lwip/apps -I../Middlewares/Third_Party/LwIP/src/include/lwip/priv -I../Middlewares/Third_Party/LwIP/src/include/lwip/prot -I../Middlewares/Third_Party/LwIP/src/include/netif -I../Middlewares/Third_Party/LwIP/src/include/compat/posix -I../Middlewares/Third_Party/LwIP/src/include/compat/posix/arpa -I../Middlewares/Third_Party/LwIP/src/include/compat/posix/net -I../Middlewares/Third_Party/LwIP/src/include/compat/posix/sys -I../Middlewares/Third_Party/LwIP/src/include/compat/stdc -I../Middlewares/Third_Party/LwIP/system/arch -I../Drivers/BSP/Components/lan8742 -I../Middlewares/Third_Party/LwIP/src/apps/http -O0 -ffunction-sections -fdata-sections -Wall -fstack-usage -fcyclomatic-complexity -MMD -MP -MF"Core/Src/main.d" -MT"Core/Src/main.o" --specs=nano.specs -mfpu=fpv4-sp-d16 -mfloat-abi=hard -mthumb -o "Core/Src/main.o"
arm-none-eabi-gcc "../Core/Src/telnet.c" -mcpu=cortex-m4 -std=gnu11 -g3 -DDEBUG -DUSE_HAL_DRIVER -DSTM32F429xx -c -I../Core/Inc -I../Drivers/STM32F4xx_HAL_Driver/Inc -I../Drivers/STM32F4xx_HAL_Driver/Inc/Legacy -I../Drivers/CMSIS/Device/ST/STM32F4xx/Include -I../Drivers/CMSIS/Include -I../LWIP/App -I../LWIP/Target -I../Middlewares/Third_Party/LwIP/src/include -I../Middlewares/Third_Party/LwIP/system -I../Middlewares/Third_Party/FreeRTOS/Source/include -I../Middlewares/Third_Party/FreeRTOS/Source/CMSIS_RTOS -I../Middlewares/Third_Party/FreeRTOS/Source/portable/GCC/ARM_CM4F -I../Middlewares/Third_Party/LwIP/src/include/netif/ppp -I../Middlewares/Third_Party/LwIP/src/include/lwip -I../Middlewares/Third_Party/LwIP/src/include/lwip/apps -I../Middlewares/Third_Party/LwIP/src/include/lwip/priv -I../Middlewares/Third_Party/LwIP/src/include/lwip/prot -I../Middlewares/Third_Party/LwIP/src/include/netif -I../Middlewares/Third_Party/LwIP/src/include/compat/posix -I../Middlewares/Third_Party/LwIP/src/include/compat/posix/arpa -I../Middlewares/Third_Party/LwIP/src/include/compat/posix/net -I../Middlewares/Third_Party/LwIP/src/include/compat/posix/sys -I../Middlewares/Third_Party/LwIP/src/include/compat/stdc -I../Middlewares/Third_Party/LwIP/system/arch -I../Drivers/BSP/Components/lan8742 -I../Middlewares/Third_Party/LwIP/src/apps/http -O0 -ffunction-sections -fdata-sections -Wall -fstack-usage -fcyclomatic-complexity -MMD -MP -MF"Core/Src/telnet.d" -MT"Core/Src/telnet.o" --specs=nano.specs -mfpu=fpv4-sp-d16 -mfloat-abi=hard -mthumb -o "Core/Src/telnet.o"
../Core/Src/telnet.c: In function 'telnet_byte_available':
../Core/Src/telnet.c:57:6: warning: implicit declaration of function 'strcmp' [-Wimplicit-function-declaration]
   57 |  if (strcmp(data, "HELLO") == 0) {
      |      ^~~~~~
../Core/Src/telnet.c:40:1: note: include '<string.h>' or provide a declaration of 'strcmp'
   39 | #include "lwip/api.h"
  +++ |+#include <string.h>
   40 | 
In file included from ../Core/Src/telnet.c:39:
../Core/Src/telnet.c:59:33: warning: implicit declaration of function 'strlen' [-Wimplicit-function-declaration]
   59 |          netconn_write(conn, s, strlen(s), NETCONN_COPY);
      |                                 ^~~~~~
../Middlewares/Third_Party/LwIP/src/include/lwip/api.h:349:47: note: in definition of macro 'netconn_write'
  349 |           netconn_write_partly(conn, dataptr, size, apiflags, NULL)
      |                                               ^~~~
../Core/Src/telnet.c:59:33: note: include '<string.h>' or provide a declaration of 'strlen'
   59 |          netconn_write(conn, s, strlen(s), NETCONN_COPY);
      |                                 ^~~~~~
../Middlewares/Third_Party/LwIP/src/include/lwip/api.h:349:47: note: in definition of macro 'netconn_write'
  349 |           netconn_write_partly(conn, dataptr, size, apiflags, NULL)
      |                                               ^~~~
../Core/Src/telnet.c:59:33: warning: incompatible implicit declaration of built-in function 'strlen' [-Wbuiltin-declaration-mismatch]
   59 |          netconn_write(conn, s, strlen(s), NETCONN_COPY);
      |                                 ^~~~~~
../Middlewares/Third_Party/LwIP/src/include/lwip/api.h:349:47: note: in definition of macro 'netconn_write'
  349 |           netconn_write_partly(conn, dataptr, size, apiflags, NULL)
      |                                               ^~~~
../Core/Src/telnet.c:59:33: note: include '<string.h>' or provide a declaration of 'strlen'
   59 |          netconn_write(conn, s, strlen(s), NETCONN_COPY);
      |                                 ^~~~~~
../Middlewares/Third_Party/LwIP/src/include/lwip/api.h:349:47: note: in definition of macro 'netconn_write'
  349 |           netconn_write_partly(conn, dataptr, size, apiflags, NULL)
      |                                               ^~~~
../Core/Src/telnet.c: In function 'telnet_thread':
../Core/Src/telnet.c:92:63: warning: dereferencing 'void *' pointer
   92 |                           while (len--) telnet_byte_available(*data++, newconn);
      |                                                               ^~~~~~~
../Core/Src/telnet.c:92:63: error: invalid use of void expression
../Core/Src/telnet.c:67:14: warning: unused variable 'accept_err' [-Wunused-variable]
   67 |   err_t err, accept_err;
      |              ^~~~~~~~~~
../Core/Src/telnet.c: At top level:
../Core/Src/telnet.c:46:13: warning: 'telnet_process_command' used but never defined
   46 | static void telnet_process_command(char *cmd, struct netconn *conn);
      |             ^~~~~~~~~~~~~~~~~~~~~~
make: *** [Core/Src/subdir.mk:46: Core/Src/telnet.o] Error 1
make: *** Waiting for unfinished jobs....
"make -j4 all" terminated with exit code 2. Build might be incomplete.
16:48:19 **** Incremental Build of configuration Debug for project cv122 ****
make -j4 all 
arm-none-eabi-gcc "../Core/Src/telnet.c" -mcpu=cortex-m4 -std=gnu11 -g3 -DDEBUG -DUSE_HAL_DRIVER -DSTM32F429xx -c -I../Core/Inc -I../Drivers/STM32F4xx_HAL_Driver/Inc -I../Drivers/STM32F4xx_HAL_Driver/Inc/Legacy -I../Drivers/CMSIS/Device/ST/STM32F4xx/Include -I../Drivers/CMSIS/Include -I../LWIP/App -I../LWIP/Target -I../Middlewares/Third_Party/LwIP/src/include -I../Middlewares/Third_Party/LwIP/system -I../Middlewares/Third_Party/FreeRTOS/Source/include -I../Middlewares/Third_Party/FreeRTOS/Source/CMSIS_RTOS -I../Middlewares/Third_Party/FreeRTOS/Source/portable/GCC/ARM_CM4F -I../Middlewares/Third_Party/LwIP/src/include/netif/ppp -I../Middlewares/Third_Party/LwIP/src/include/lwip -I../Middlewares/Third_Party/LwIP/src/include/lwip/apps -I../Middlewares/Third_Party/LwIP/src/include/lwip/priv -I../Middlewares/Third_Party/LwIP/src/include/lwip/prot -I../Middlewares/Third_Party/LwIP/src/include/netif -I../Middlewares/Third_Party/LwIP/src/include/compat/posix -I../Middlewares/Third_Party/LwIP/src/include/compat/posix/arpa -I../Middlewares/Third_Party/LwIP/src/include/compat/posix/net -I../Middlewares/Third_Party/LwIP/src/include/compat/posix/sys -I../Middlewares/Third_Party/LwIP/src/include/compat/stdc -I../Middlewares/Third_Party/LwIP/system/arch -I../Drivers/BSP/Components/lan8742 -I../Middlewares/Third_Party/LwIP/src/apps/http -O0 -ffunction-sections -fdata-sections -Wall -fstack-usage -fcyclomatic-complexity -MMD -MP -MF"Core/Src/telnet.d" -MT"Core/Src/telnet.o" --specs=nano.specs -mfpu=fpv4-sp-d16 -mfloat-abi=hard -mthumb -o "Core/Src/telnet.o"
../Core/Src/telnet.c: In function 'telnet_byte_available':
../Core/Src/telnet.c:57:6: warning: implicit declaration of function 'strcmp' [-Wimplicit-function-declaration]
   57 |  if (strcmp(data, "HELLO") == 0) {
      |      ^~~~~~
../Core/Src/telnet.c:40:1: note: include '<string.h>' or provide a declaration of 'strcmp'
   39 | #include "lwip/api.h"
  +++ |+#include <string.h>
   40 | 
In file included from ../Core/Src/telnet.c:39:
../Core/Src/telnet.c:59:33: warning: implicit declaration of function 'strlen' [-Wimplicit-function-declaration]
   59 |          netconn_write(conn, s, strlen(s), NETCONN_COPY);
      |                                 ^~~~~~
../Middlewares/Third_Party/LwIP/src/include/lwip/api.h:349:47: note: in definition of macro 'netconn_write'
  349 |           netconn_write_partly(conn, dataptr, size, apiflags, NULL)
      |                                               ^~~~
../Core/Src/telnet.c:59:33: note: include '<string.h>' or provide a declaration of 'strlen'
   59 |          netconn_write(conn, s, strlen(s), NETCONN_COPY);
      |                                 ^~~~~~
../Middlewares/Third_Party/LwIP/src/include/lwip/api.h:349:47: note: in definition of macro 'netconn_write'
  349 |           netconn_write_partly(conn, dataptr, size, apiflags, NULL)
      |                                               ^~~~
../Core/Src/telnet.c:59:33: warning: incompatible implicit declaration of built-in function 'strlen' [-Wbuiltin-declaration-mismatch]
   59 |          netconn_write(conn, s, strlen(s), NETCONN_COPY);
      |                                 ^~~~~~
../Middlewares/Third_Party/LwIP/src/include/lwip/api.h:349:47: note: in definition of macro 'netconn_write'
  349 |           netconn_write_partly(conn, dataptr, size, apiflags, NULL)
      |                                               ^~~~
../Core/Src/telnet.c:59:33: note: include '<string.h>' or provide a declaration of 'strlen'
   59 |          netconn_write(conn, s, strlen(s), NETCONN_COPY);
      |                                 ^~~~~~
../Middlewares/Third_Party/LwIP/src/include/lwip/api.h:349:47: note: in definition of macro 'netconn_write'
  349 |           netconn_write_partly(conn, dataptr, size, apiflags, NULL)
      |                                               ^~~~
../Core/Src/telnet.c: In function 'telnet_thread':
../Core/Src/telnet.c:92:55: warning: dereferencing 'void *' pointer
   92 |                   while (len--) telnet_byte_available(*data++, newconn);
      |                                                       ^~~~~~~
../Core/Src/telnet.c:92:55: error: invalid use of void expression
../Core/Src/telnet.c:98:8: error: expected 'while' before 'netconn_close'
   98 |        netconn_close(newconn);
      |        ^~~~~~~~~~~~~
../Core/Src/telnet.c:102:5: error: expected '}' before 'else'
  102 |     else
      |     ^~~~
../Core/Src/telnet.c:67:14: warning: unused variable 'accept_err' [-Wunused-variable]
   67 |   err_t err, accept_err;
      |              ^~~~~~~~~~
../Core/Src/telnet.c: At top level:
../Core/Src/telnet.c:46:13: warning: 'telnet_process_command' used but never defined
   46 | static void telnet_process_command(char *cmd, struct netconn *conn);
      |             ^~~~~~~~~~~~~~~~~~~~~~
make: *** [Core/Src/subdir.mk:46: Core/Src/telnet.o] Error 1
"make -j4 all" terminated with exit code 2. Build might be incomplete.
16:48:56 **** Incremental Build of configuration Debug for project cv122 ****
make -j4 all 
arm-none-eabi-gcc "../Core/Src/telnet.c" -mcpu=cortex-m4 -std=gnu11 -g3 -DDEBUG -DUSE_HAL_DRIVER -DSTM32F429xx -c -I../Core/Inc -I../Drivers/STM32F4xx_HAL_Driver/Inc -I../Drivers/STM32F4xx_HAL_Driver/Inc/Legacy -I../Drivers/CMSIS/Device/ST/STM32F4xx/Include -I../Drivers/CMSIS/Include -I../LWIP/App -I../LWIP/Target -I../Middlewares/Third_Party/LwIP/src/include -I../Middlewares/Third_Party/LwIP/system -I../Middlewares/Third_Party/FreeRTOS/Source/include -I../Middlewares/Third_Party/FreeRTOS/Source/CMSIS_RTOS -I../Middlewares/Third_Party/FreeRTOS/Source/portable/GCC/ARM_CM4F -I../Middlewares/Third_Party/LwIP/src/include/netif/ppp -I../Middlewares/Third_Party/LwIP/src/include/lwip -I../Middlewares/Third_Party/LwIP/src/include/lwip/apps -I../Middlewares/Third_Party/LwIP/src/include/lwip/priv -I../Middlewares/Third_Party/LwIP/src/include/lwip/prot -I../Middlewares/Third_Party/LwIP/src/include/netif -I../Middlewares/Third_Party/LwIP/src/include/compat/posix -I../Middlewares/Third_Party/LwIP/src/include/compat/posix/arpa -I../Middlewares/Third_Party/LwIP/src/include/compat/posix/net -I../Middlewares/Third_Party/LwIP/src/include/compat/posix/sys -I../Middlewares/Third_Party/LwIP/src/include/compat/stdc -I../Middlewares/Third_Party/LwIP/system/arch -I../Drivers/BSP/Components/lan8742 -I../Middlewares/Third_Party/LwIP/src/apps/http -O0 -ffunction-sections -fdata-sections -Wall -fstack-usage -fcyclomatic-complexity -MMD -MP -MF"Core/Src/telnet.d" -MT"Core/Src/telnet.o" --specs=nano.specs -mfpu=fpv4-sp-d16 -mfloat-abi=hard -mthumb -o "Core/Src/telnet.o"
../Core/Src/telnet.c: In function 'telnet_byte_available':
../Core/Src/telnet.c:57:6: warning: implicit declaration of function 'strcmp' [-Wimplicit-function-declaration]
   57 |  if (strcmp(data, "HELLO") == 0) {
      |      ^~~~~~
../Core/Src/telnet.c:40:1: note: include '<string.h>' or provide a declaration of 'strcmp'
   39 | #include "lwip/api.h"
  +++ |+#include <string.h>
   40 | 
In file included from ../Core/Src/telnet.c:39:
../Core/Src/telnet.c:59:33: warning: implicit declaration of function 'strlen' [-Wimplicit-function-declaration]
   59 |          netconn_write(conn, s, strlen(s), NETCONN_COPY);
      |                                 ^~~~~~
../Middlewares/Third_Party/LwIP/src/include/lwip/api.h:349:47: note: in definition of macro 'netconn_write'
  349 |           netconn_write_partly(conn, dataptr, size, apiflags, NULL)
      |                                               ^~~~
../Core/Src/telnet.c:59:33: note: include '<string.h>' or provide a declaration of 'strlen'
   59 |          netconn_write(conn, s, strlen(s), NETCONN_COPY);
      |                                 ^~~~~~
../Middlewares/Third_Party/LwIP/src/include/lwip/api.h:349:47: note: in definition of macro 'netconn_write'
  349 |           netconn_write_partly(conn, dataptr, size, apiflags, NULL)
      |                                               ^~~~
../Core/Src/telnet.c:59:33: warning: incompatible implicit declaration of built-in function 'strlen' [-Wbuiltin-declaration-mismatch]
   59 |          netconn_write(conn, s, strlen(s), NETCONN_COPY);
      |                                 ^~~~~~
../Middlewares/Third_Party/LwIP/src/include/lwip/api.h:349:47: note: in definition of macro 'netconn_write'
  349 |           netconn_write_partly(conn, dataptr, size, apiflags, NULL)
      |                                               ^~~~
../Core/Src/telnet.c:59:33: note: include '<string.h>' or provide a declaration of 'strlen'
   59 |          netconn_write(conn, s, strlen(s), NETCONN_COPY);
      |                                 ^~~~~~
../Middlewares/Third_Party/LwIP/src/include/lwip/api.h:349:47: note: in definition of macro 'netconn_write'
  349 |           netconn_write_partly(conn, dataptr, size, apiflags, NULL)
      |                                               ^~~~
../Core/Src/telnet.c: In function 'telnet_thread':
../Core/Src/telnet.c:93:32: error: expected ';' before 'telnet_byte_available'
   93 |                   while (len--) telnet_byte_available(*data++, newconn);
      |                                ^~~~~~~~~~~~~~~~~~~~~~
      |                                ;
../Core/Src/telnet.c:67:14: warning: unused variable 'accept_err' [-Wunused-variable]
   67 |   err_t err, accept_err;
      |              ^~~~~~~~~~
../Core/Src/telnet.c: At top level:
../Core/Src/telnet.c:46:13: warning: 'telnet_process_command' used but never defined
   46 | static void telnet_process_command(char *cmd, struct netconn *conn);
      |             ^~~~~~~~~~~~~~~~~~~~~~
../Core/Src/telnet.c:48:13: warning: 'telnet_byte_available' defined but not used [-Wunused-function]
   48 | static void telnet_byte_available(uint8_t c, struct netconn *conn)
      |             ^~~~~~~~~~~~~~~~~~~~~
make: *** [Core/Src/subdir.mk:46: Core/Src/telnet.o] Error 1
"make -j4 all" terminated with exit code 2. Build might be incomplete.
16:49:16 **** Incremental Build of configuration Debug for project cv122 ****
make -j4 all 
arm-none-eabi-gcc "../Core/Src/telnet.c" -mcpu=cortex-m4 -std=gnu11 -g3 -DDEBUG -DUSE_HAL_DRIVER -DSTM32F429xx -c -I../Core/Inc -I../Drivers/STM32F4xx_HAL_Driver/Inc -I../Drivers/STM32F4xx_HAL_Driver/Inc/Legacy -I../Drivers/CMSIS/Device/ST/STM32F4xx/Include -I../Drivers/CMSIS/Include -I../LWIP/App -I../LWIP/Target -I../Middlewares/Third_Party/LwIP/src/include -I../Middlewares/Third_Party/LwIP/system -I../Middlewares/Third_Party/FreeRTOS/Source/include -I../Middlewares/Third_Party/FreeRTOS/Source/CMSIS_RTOS -I../Middlewares/Third_Party/FreeRTOS/Source/portable/GCC/ARM_CM4F -I../Middlewares/Third_Party/LwIP/src/include/netif/ppp -I../Middlewares/Third_Party/LwIP/src/include/lwip -I../Middlewares/Third_Party/LwIP/src/include/lwip/apps -I../Middlewares/Third_Party/LwIP/src/include/lwip/priv -I../Middlewares/Third_Party/LwIP/src/include/lwip/prot -I../Middlewares/Third_Party/LwIP/src/include/netif -I../Middlewares/Third_Party/LwIP/src/include/compat/posix -I../Middlewares/Third_Party/LwIP/src/include/compat/posix/arpa -I../Middlewares/Third_Party/LwIP/src/include/compat/posix/net -I../Middlewares/Third_Party/LwIP/src/include/compat/posix/sys -I../Middlewares/Third_Party/LwIP/src/include/compat/stdc -I../Middlewares/Third_Party/LwIP/system/arch -I../Drivers/BSP/Components/lan8742 -I../Middlewares/Third_Party/LwIP/src/apps/http -O0 -ffunction-sections -fdata-sections -Wall -fstack-usage -fcyclomatic-complexity -MMD -MP -MF"Core/Src/telnet.d" -MT"Core/Src/telnet.o" --specs=nano.specs -mfpu=fpv4-sp-d16 -mfloat-abi=hard -mthumb -o "Core/Src/telnet.o"
../Core/Src/telnet.c: In function 'telnet_byte_available':
../Core/Src/telnet.c:57:6: warning: implicit declaration of function 'strcmp' [-Wimplicit-function-declaration]
   57 |  if (strcmp(data, "HELLO") == 0) {
      |      ^~~~~~
../Core/Src/telnet.c:40:1: note: include '<string.h>' or provide a declaration of 'strcmp'
   39 | #include "lwip/api.h"
  +++ |+#include <string.h>
   40 | 
In file included from ../Core/Src/telnet.c:39:
../Core/Src/telnet.c:59:33: warning: implicit declaration of function 'strlen' [-Wimplicit-function-declaration]
   59 |          netconn_write(conn, s, strlen(s), NETCONN_COPY);
      |                                 ^~~~~~
../Middlewares/Third_Party/LwIP/src/include/lwip/api.h:349:47: note: in definition of macro 'netconn_write'
  349 |           netconn_write_partly(conn, dataptr, size, apiflags, NULL)
      |                                               ^~~~
../Core/Src/telnet.c:59:33: note: include '<string.h>' or provide a declaration of 'strlen'
   59 |          netconn_write(conn, s, strlen(s), NETCONN_COPY);
      |                                 ^~~~~~
../Middlewares/Third_Party/LwIP/src/include/lwip/api.h:349:47: note: in definition of macro 'netconn_write'
  349 |           netconn_write_partly(conn, dataptr, size, apiflags, NULL)
      |                                               ^~~~
../Core/Src/telnet.c:59:33: warning: incompatible implicit declaration of built-in function 'strlen' [-Wbuiltin-declaration-mismatch]
   59 |          netconn_write(conn, s, strlen(s), NETCONN_COPY);
      |                                 ^~~~~~
../Middlewares/Third_Party/LwIP/src/include/lwip/api.h:349:47: note: in definition of macro 'netconn_write'
  349 |           netconn_write_partly(conn, dataptr, size, apiflags, NULL)
      |                                               ^~~~
[...]
arm-none-eabi-gcc "../Core/Src/main.c" -mcpu=cortex-m0 -std=gnu11 -g3 -DDEBUG -DUSE_HAL_DRIVER -DSTM32F030x8 -c -I../Core/Inc -I../Drivers/STM32F0xx_HAL_Driver/Inc -I../Drivers/STM32F0xx_HAL_Driver/Inc/Legacy -I../Drivers/CMSIS/Device/ST/STM32F0xx/Include -I../Drivers/CMSIS/Include -O0 -ffunction-sections -fdata-sections -Wall -fstack-usage -fcyclomatic-complexity -MMD -MP -MF"Core/Src/main.d" -MT"Core/Src/main.o" --specs=nano.specs -mfloat-abi=soft -mthumb -o "Core/Src/main.o"
arm-none-eabi-gcc "../Core/Src/sct.c" -mcpu=cortex-m0 -std=gnu11 -g3 -DDEBUG -DUSE_HAL_DRIVER -DSTM32F030x8 -c -I../Core/Inc -I../Drivers/STM32F0xx_HAL_Driver/Inc -I../Drivers/STM32F0xx_HAL_Driver/Inc/Legacy -I../Drivers/CMSIS/Device/ST/STM32F0xx/Include -I../Drivers/CMSIS/Include -O0 -ffunction-sections -fdata-sections -Wall -fstack-usage -fcyclomatic-complexity -MMD -MP -MF"Core/Src/sct.d" -MT"Core/Src/sct.o" --specs=nano.specs -mfloat-abi=soft -mthumb -o "Core/Src/sct.o"
arm-none-eabi-gcc "../Core/Src/stm32f0xx_hal_msp.c" -mcpu=cortex-m0 -std=gnu11 -g3 -DDEBUG -DUSE_HAL_DRIVER -DSTM32F030x8 -c -I../Core/Inc -I../Drivers/STM32F0xx_HAL_Driver/Inc -I../Drivers/STM32F0xx_HAL_Driver/Inc/Legacy -I../Drivers/CMSIS/Device/ST/STM32F0xx/Include -I../Drivers/CMSIS/Include -O0 -ffunction-sections -fdata-sections -Wall -fstack-usage -fcyclomatic-complexity -MMD -MP -MF"Core/Src/stm32f0xx_hal_msp.d" -MT"Core/Src/stm32f0xx_hal_msp.o" --specs=nano.specs -mfloat-abi=soft -mthumb -o "Core/Src/stm32f0xx_hal_msp.o"
../Core/Src/sct.c:29:6: error: conflicting types for 'sct_value'; have 'void(uint16_t,  uint8_t)' {aka 'void(short unsigned int,  unsigned char)'}
   29 | void sct_value(uint16_t value, uint8_t led) {
      |      ^~~~~~~~~
In file included from ../Core/Src/sct.c:8:
../Core/Src/sct.h:13:6: note: previous declaration of 'sct_value' with type 'void(uint16_t)' {aka 'void(short unsigned int)'}
   13 | void sct_value(uint16_t value);
      |      ^~~~~~~~~
../Core/Src/sct.c: In function 'sct_value':
../Core/Src/sct.c:71:25: warning: excess elements in array initializer
   71 |                         {
      |                         ^
../Core/Src/sct.c:71:25: note: (near initialization for 'reg_values')
make: *** [Core/Src/subdir.mk:37: Core/Src/sct.o] Error 1
make: *** Waiting for unfinished jobs....
"make -j4 all" terminated with exit code 2. Build might be incomplete.
09:31:18 **** Incremental Build of configuration Debug for project skouska1 ****
make -j4 all 
arm-none-eabi-gcc "../Core/Src/sct.c" -mcpu=cortex-m0 -std=gnu11 -g3 -DDEBUG -DUSE_HAL_DRIVER -DSTM32F030x8 -c -I../Core/Inc -I../Drivers/STM32F0xx_HAL_Driver/Inc -I../Drivers/STM32F0xx_HAL_Driver/Inc/Legacy -I../Drivers/CMSIS/Device/ST/STM32F0xx/Include -I../Drivers/CMSIS/Include -O0 -ffunction-sections -fdata-sections -Wall -fstack-usage -fcyclomatic-complexity -MMD -MP -MF"Core/Src/sct.d" -MT"Core/Src/sct.o" --specs=nano.specs -mfloat-abi=soft -mthumb -o "Core/Src/sct.o"
arm-none-eabi-gcc "../Core/Src/stm32f0xx_it.c" -mcpu=cortex-m0 -std=gnu11 -g3 -DDEBUG -DUSE_HAL_DRIVER -DSTM32F030x8 -c -I../Core/Inc -I../Drivers/STM32F0xx_HAL_Driver/Inc -I../Drivers/STM32F0xx_HAL_Driver/Inc/Legacy -I../Drivers/CMSIS/Device/ST/STM32F0xx/Include -I../Drivers/CMSIS/Include -O0 -ffunction-sections -fdata-sections -Wall -fstack-usage -fcyclomatic-complexity -MMD -MP -MF"Core/Src/stm32f0xx_it.d" -MT"Core/Src/stm32f0xx_it.o" --specs=nano.specs -mfloat-abi=soft -mthumb -o "Core/Src/stm32f0xx_it.o"
arm-none-eabi-gcc "../Core/Src/syscalls.c" -mcpu=cortex-m0 -std=gnu11 -g3 -DDEBUG -DUSE_HAL_DRIVER -DSTM32F030x8 -c -I../Core/Inc -I../Drivers/STM32F0xx_HAL_Driver/Inc -I../Drivers/STM32F0xx_HAL_Driver/Inc/Legacy -I../Drivers/CMSIS/Device/ST/STM32F0xx/Include -I../Drivers/CMSIS/Include -O0 -ffunction-sections -fdata-sections -Wall -fstack-usage -fcyclomatic-complexity -MMD -MP -MF"Core/Src/syscalls.d" -MT"Core/Src/syscalls.o" --specs=nano.specs -mfloat-abi=soft -mthumb -o "Core/Src/syscalls.o"
arm-none-eabi-gcc "../Core/Src/sysmem.c" -mcpu=cortex-m0 -std=gnu11 -g3 -DDEBUG -DUSE_HAL_DRIVER -DSTM32F030x8 -c -I../Core/Inc -I../Drivers/STM32F0xx_HAL_Driver/Inc -I../Drivers/STM32F0xx_HAL_Driver/Inc/Legacy -I../Drivers/CMSIS/Device/ST/STM32F0xx/Include -I../Drivers/CMSIS/Include -O0 -ffunction-sections -fdata-sections -Wall -fstack-usage -fcyclomatic-complexity -MMD -MP -MF"Core/Src/sysmem.d" -MT"Core/Src/sysmem.o" --specs=nano.specs -mfloat-abi=soft -mthumb -o "Core/Src/sysmem.o"
../Core/Src/sct.c:29:6: error: conflicting types for 'sct_value'; have 'void(uint16_t,  uint8_t)' {aka 'void(short unsigned int,  unsigned char)'}
   29 | void sct_value(uint16_t value, uint8_t led) {
      |      ^~~~~~~~~
In file included from ../Core/Src/sct.c:8:
../Core/Src/sct.h:13:6: note: previous declaration of 'sct_value' with type 'void(uint16_t)' {aka 'void(short unsigned int)'}
   13 | void sct_value(uint16_t value);
      |      ^~~~~~~~~
../Core/Src/sct.c: In function 'sct_value':
../Core/Src/sct.c:71:25: warning: excess elements in array initializer
   71 |                         {
      |                         ^
../Core/Src/sct.c:71:25: note: (near initialization for 'reg_values')
make: *** [Core/Src/subdir.mk:37: Core/Src/sct.o] Error 1
make: *** Waiting for unfinished jobs....
"make -j4 all" terminated with exit code 2. Build might be incomplete.
09:32:32 **** Incremental Build of configuration Debug for project skouska1 ****
make -j4 all 
arm-none-eabi-gcc "../Core/Src/sct.c" -mcpu=cortex-m0 -std=gnu11 -g3 -DDEBUG -DUSE_HAL_DRIVER -DSTM32F030x8 -c -I../Core/Inc -I../Drivers/STM32F0xx_HAL_Driver/Inc -I../Drivers/STM32F0xx_HAL_Driver/Inc/Legacy -I../Drivers/CMSIS/Device/ST/STM32F0xx/Include -I../Drivers/CMSIS/Include -O0 -ffunction-sections -fdata-sections -Wall -fstack-usage -fcyclomatic-complexity -MMD -MP -MF"Core/Src/sct.d" -MT"Core/Src/sct.o" --specs=nano.specs -mfloat-abi=soft -mthumb -o "Core/Src/sct.o"
arm-none-eabi-gcc "../Core/Src/system_stm32f0xx.c" -mcpu=cortex-m0 -std=gnu11 -g3 -DDEBUG -DUSE_HAL_DRIVER -DSTM32F030x8 -c -I../Core/Inc -I../Drivers/STM32F0xx_HAL_Driver/Inc -I../Drivers/STM32F0xx_HAL_Driver/Inc/Legacy -I../Drivers/CMSIS/Device/ST/STM32F0xx/Include -I../Drivers/CMSIS/Include -O0 -ffunction-sections -fdata-sections -Wall -fstack-usage -fcyclomatic-complexity -MMD -MP -MF"Core/Src/system_stm32f0xx.d" -MT"Core/Src/system_stm32f0xx.o" --specs=nano.specs -mfloat-abi=soft -mthumb -o "Core/Src/system_stm32f0xx.o"
../Core/Src/sct.c:29:6: error: conflicting types for 'sct_value'; have 'void(uint16_t,  uint8_t)' {aka 'void(short unsigned int,  unsigned char)'}
   29 | void sct_value(uint16_t value, uint8_t led) {
      |      ^~~~~~~~~
In file included from ../Core/Src/sct.c:8:
../Core/Src/sct.h:13:6: note: previous declaration of 'sct_value' with type 'void(uint16_t)' {aka 'void(short unsigned int)'}
   13 | void sct_value(uint16_t value);
      |      ^~~~~~~~~
../Core/Src/sct.c: In function 'sct_value':
../Core/Src/sct.c:71:25: warning: excess elements in array initializer
   71 |                         {
      |                         ^
../Core/Src/sct.c:71:25: note: (near initialization for 'reg_values')
make: *** [Core/Src/subdir.mk:37: Core/Src/sct.o] Error 1
make: *** Waiting for unfinished jobs....
"make -j4 all" terminated with exit code 2. Build might be incomplete.
09:33:31 **** Incremental Build of configuration Debug for project skouska1 ****
make -j4 all 
arm-none-eabi-gcc "../Core/Src/main.c" -mcpu=cortex-m0 -std=gnu11 -g3 -DDEBUG -DUSE_HAL_DRIVER -DSTM32F030x8 -c -I../Core/Inc -I../Drivers/STM32F0xx_HAL_Driver/Inc -I../Drivers/STM32F0xx_HAL_Driver/Inc/Legacy -I../Drivers/CMSIS/Device/ST/STM32F0xx/Include -I../Drivers/CMSIS/Include -O0 -ffunction-sections -fdata-sections -Wall -fstack-usage -fcyclomatic-complexity -MMD -MP -MF"Core/Src/main.d" -MT"Core/Src/main.o" --specs=nano.specs -mfloat-abi=soft -mthumb -o "Core/Src/main.o"
arm-none-eabi-gcc "../Core/Src/sct.c" -mcpu=cortex-m0 -std=gnu11 -g3 -DDEBUG -DUSE_HAL_DRIVER -DSTM32F030x8 -c -I../Core/Inc -I../Drivers/STM32F0xx_HAL_Driver/Inc -I../Drivers/STM32F0xx_HAL_Driver/Inc/Legacy -I../Drivers/CMSIS/Device/ST/STM32F0xx/Include -I../Drivers/CMSIS/Include -O0 -ffunction-sections -fdata-sections -Wall -fstack-usage -fcyclomatic-complexity -MMD -MP -MF"Core/Src/sct.d" -MT"Core/Src/sct.o" --specs=nano.specs -mfloat-abi=soft -mthumb -o "Core/Src/sct.o"
arm-none-eabi-gcc -o "skouska1.elf" @"objects.list"   -mcpu=cortex-m0 -T"C:\Users\xspani02\Documents\MKS2023\skouska1\STM32F030R8TX_FLASH.ld" --specs=nosys.specs -Wl,-Map="skouska1.map" -Wl,--gc-sections -static --specs=nano.specs -mfloat-abi=soft -mthumb -Wl,--start-group -lc -lm -Wl,--end-group
Finished building target: skouska1.elf
 
arm-none-eabi-size   skouska1.elf 
arm-none-eabi-objdump -h -S  skouska1.elf  > "skouska1.list"
   text	   data	    bss	    dec	    hex	filename
   7136	     20	   1700	   8856	   2298	skouska1.elf
Finished building: default.size.stdout
 
Finished building: skouska1.list
 
09:33:39 **** Incremental Build of configuration Debug for project skouska1 ****
make -j4 all 
arm-none-eabi-size   skouska1.elf 
   text	   data	    bss	    dec	    hex	filename
   7136	     20	   1700	   8856	   2298	skouska1.elf
Finished building: default.size.stdout
 
09:34:06 **** Incremental Build of configuration Debug for project skouska1 ****
make -j4 all 
arm-none-eabi-gcc "../Core/Src/main.c" -mcpu=cortex-m0 -std=gnu11 -g3 -DDEBUG -DUSE_HAL_DRIVER -DSTM32F030x8 -c -I../Core/Inc -I../Drivers/STM32F0xx_HAL_Driver/Inc -I../Drivers/STM32F0xx_HAL_Driver/Inc/Legacy -I../Drivers/CMSIS/Device/ST/STM32F0xx/Include -I../Drivers/CMSIS/Include -O0 -ffunction-sections -fdata-sections -Wall -fstack-usage -fcyclomatic-complexity -MMD -MP -MF"Core/Src/main.d" -MT"Core/Src/main.o" --specs=nano.specs -mfloat-abi=soft -mthumb -o "Core/Src/main.o"
arm-none-eabi-gcc -o "skouska1.elf" @"objects.list"   -mcpu=cortex-m0 -T"C:\Users\xspani02\Documents\MKS2023\skouska1\STM32F030R8TX_FLASH.ld" --specs=nosys.specs -Wl,-Map="skouska1.map" -Wl,--gc-sections -static --specs=nano.specs -mfloat-abi=soft -mthumb -Wl,--start-group -lc -lm -Wl,--end-group
Finished building target: skouska1.elf
 
arm-none-eabi-size   skouska1.elf 
arm-none-eabi-objdump -h -S  skouska1.elf  > "skouska1.list"
   text	   data	    bss	    dec	    hex	filename
   7400	     20	   1700	   9120	   23a0	skouska1.elf
Finished building: default.size.stdout
 
Finished building: skouska1.list
 
09:35:24 **** Incremental Build of configuration Debug for project skouska1 ****
make -j4 all 
arm-none-eabi-gcc "../Core/Src/sct.c" -mcpu=cortex-m0 -std=gnu11 -g3 -DDEBUG -DUSE_HAL_DRIVER -DSTM32F030x8 -c -I../Core/Inc -I../Drivers/STM32F0xx_HAL_Driver/Inc -I../Drivers/STM32F0xx_HAL_Driver/Inc/Legacy -I../Drivers/CMSIS/Device/ST/STM32F0xx/Include -I../Drivers/CMSIS/Include -O0 -ffunction-sections -fdata-sections -Wall -fstack-usage -fcyclomatic-complexity -MMD -MP -MF"Core/Src/sct.d" -MT"Core/Src/sct.o" --specs=nano.specs -mfloat-abi=soft -mthumb -o "Core/Src/sct.o"
arm-none-eabi-gcc -o "skouska1.elf" @"objects.list"   -mcpu=cortex-m0 -T"C:\Users\xspani02\Documents\MKS2023\skouska1\STM32F030R8TX_FLASH.ld" --specs=nosys.specs -Wl,-Map="skouska1.map" -Wl,--gc-sections -static --specs=nano.specs -mfloat-abi=soft -mthumb -Wl,--start-group -lc -lm -Wl,--end-group
Finished building target: skouska1.elf
 
arm-none-eabi-size   skouska1.elf 
arm-none-eabi-objdump -h -S  skouska1.elf  > "skouska1.list"
   text	   data	    bss	    dec	    hex	filename
   7400	     20	   1700	   9120	   23a0	skouska1.elf
Finished building: default.size.stdout
 
Finished building: skouska1.list
 
09:39:05 **** Incremental Build of configuration Debug for project skouska1 ****
make -j4 all 
arm-none-eabi-gcc "../Core/Src/main.c" -mcpu=cortex-m0 -std=gnu11 -g3 -DDEBUG -DUSE_HAL_DRIVER -DSTM32F030x8 -c -I../Core/Inc -I../Drivers/STM32F0xx_HAL_Driver/Inc -I../Drivers/STM32F0xx_HAL_Driver/Inc/Legacy -I../Drivers/CMSIS/Device/ST/STM32F0xx/Include -I../Drivers/CMSIS/Include -O0 -ffunction-sections -fdata-sections -Wall -fstack-usage -fcyclomatic-complexity -MMD -MP -MF"Core/Src/main.d" -MT"Core/Src/main.o" --specs=nano.specs -mfloat-abi=soft -mthumb -o "Core/Src/main.o"
arm-none-eabi-gcc "../Core/Src/sct.c" -mcpu=cortex-m0 -std=gnu11 -g3 -DDEBUG -DUSE_HAL_DRIVER -DSTM32F030x8 -c -I../Core/Inc -I../Drivers/STM32F0xx_HAL_Driver/Inc -I../Drivers/STM32F0xx_HAL_Driver/Inc/Legacy -I../Drivers/CMSIS/Device/ST/STM32F0xx/Include -I../Drivers/CMSIS/Include -O0 -ffunction-sections -fdata-sections -Wall -fstack-usage -fcyclomatic-complexity -MMD -MP -MF"Core/Src/sct.d" -MT"Core/Src/sct.o" --specs=nano.specs -mfloat-abi=soft -mthumb -o "Core/Src/sct.o"
arm-none-eabi-gcc "../Core/Src/stm32f0xx_hal_msp.c" -mcpu=cortex-m0 -std=gnu11 -g3 -DDEBUG -DUSE_HAL_DRIVER -DSTM32F030x8 -c -I../Core/Inc -I../Drivers/STM32F0xx_HAL_Driver/Inc -I../Drivers/STM32F0xx_HAL_Driver/Inc/Legacy -I../Drivers/CMSIS/Device/ST/STM32F0xx/Include -I../Drivers/CMSIS/Include -O0 -ffunction-sections -fdata-sections -Wall -fstack-usage -fcyclomatic-complexity -MMD -MP -MF"Core/Src/stm32f0xx_hal_msp.d" -MT"Core/Src/stm32f0xx_hal_msp.o" --specs=nano.specs -mfloat-abi=soft -mthumb -o "Core/Src/stm32f0xx_hal_msp.o"
arm-none-eabi-gcc "../Core/Src/stm32f0xx_it.c" -mcpu=cortex-m0 -std=gnu11 -g3 -DDEBUG -DUSE_HAL_DRIVER -DSTM32F030x8 -c -I../Core/Inc -I../Drivers/STM32F0xx_HAL_Driver/Inc -I../Drivers/STM32F0xx_HAL_Driver/Inc/Legacy -I../Drivers/CMSIS/Device/ST/STM32F0xx/Include -I../Drivers/CMSIS/Include -O0 -ffunction-sections -fdata-sections -Wall -fstack-usage -fcyclomatic-complexity -MMD -MP -MF"Core/Src/stm32f0xx_it.d" -MT"Core/Src/stm32f0xx_it.o" --specs=nano.specs -mfloat-abi=soft -mthumb -o "Core/Src/stm32f0xx_it.o"
arm-none-eabi-gcc -o "skouska1.elf" @"objects.list"   -mcpu=cortex-m0 -T"C:\Users\xspani02\Documents\MKS2023\skouska1\STM32F030R8TX_FLASH.ld" --specs=nosys.specs -Wl,-Map="skouska1.map" -Wl,--gc-sections -static --specs=nano.specs -mfloat-abi=soft -mthumb -Wl,--start-group -lc -lm -Wl,--end-group
Finished building target: skouska1.elf
 
arm-none-eabi-size   skouska1.elf 
arm-none-eabi-objdump -h -S  skouska1.elf  > "skouska1.list"
   text	   data	    bss	    dec	    hex	filename
   7416	     20	   1708	   9144	   23b8	skouska1.elf
Finished building: default.size.stdout
 
Finished building: skouska1.list
 
09:40:38 **** Incremental Build of configuration Debug for project skouska1 ****
make -j4 all 
arm-none-eabi-gcc "../Core/Src/main.c" -mcpu=cortex-m0 -std=gnu11 -g3 -DDEBUG -DUSE_HAL_DRIVER -DSTM32F030x8 -c -I../Core/Inc -I../Drivers/STM32F0xx_HAL_Driver/Inc -I../Drivers/STM32F0xx_HAL_Driver/Inc/Legacy -I../Drivers/CMSIS/Device/ST/STM32F0xx/Include -I../Drivers/CMSIS/Include -O0 -ffunction-sections -fdata-sections -Wall -fstack-usage -fcyclomatic-complexity -MMD -MP -MF"Core/Src/main.d" -MT"Core/Src/main.o" --specs=nano.specs -mfloat-abi=soft -mthumb -o "Core/Src/main.o"
arm-none-eabi-gcc -o "skouska1.elf" @"objects.list"   -mcpu=cortex-m0 -T"C:\Users\xspani02\Documents\MKS2023\skouska1\STM32F030R8TX_FLASH.ld" --specs=nosys.specs -Wl,-Map="skouska1.map" -Wl,--gc-sections -static --specs=nano.specs -mfloat-abi=soft -mthumb -Wl,--start-group -lc -lm -Wl,--end-group
Finished building target: skouska1.elf
 
arm-none-eabi-size   skouska1.elf 
arm-none-eabi-objdump -h -S  skouska1.elf  > "skouska1.list"
   text	   data	    bss	    dec	    hex	filename
   7416	     20	   1708	   9144	   23b8	skouska1.elf
Finished building: default.size.stdout
 
Finished building: skouska1.list
 
09:44:29 **** Incremental Build of configuration Debug for project skouska1 ****
make -j4 all 
arm-none-eabi-gcc "../Core/Src/main.c" -mcpu=cortex-m0 -std=gnu11 -g3 -DDEBUG -DUSE_HAL_DRIVER -DSTM32F030x8 -c -I../Core/Inc -I../Drivers/STM32F0xx_HAL_Driver/Inc -I../Drivers/STM32F0xx_HAL_Driver/Inc/Legacy -I../Drivers/CMSIS/Device/ST/STM32F0xx/Include -I../Drivers/CMSIS/Include -O0 -ffunction-sections -fdata-sections -Wall -fstack-usage -fcyclomatic-complexity -MMD -MP -MF"Core/Src/main.d" -MT"Core/Src/main.o" --specs=nano.specs -mfloat-abi=soft -mthumb -o "Core/Src/main.o"
../Core/Src/main.c: In function 'hodiny':
../Core/Src/main.c:34:14: error: expected expression before '=' token
   34 | #define STEP = 100
      |              ^
../Core/Src/main.c:66:28: note: in expansion of macro 'STEP'
   66 |         if (Tick > delay + STEP) {
      |                            ^~~~
make: *** [Core/Src/subdir.mk:37: Core/Src/main.o] Error 1
"make -j4 all" terminated with exit code 2. Build might be incomplete.
09:45:18 **** Incremental Build of configuration Debug for project skouska1 ****
make -j4 all 
arm-none-eabi-gcc "../Core/Src/main.c" -mcpu=cortex-m0 -std=gnu11 -g3 -DDEBUG -DUSE_HAL_DRIVER -DSTM32F030x8 -c -I../Core/Inc -I../Drivers/STM32F0xx_HAL_Driver/Inc -I../Drivers/STM32F0xx_HAL_Driver/Inc/Legacy -I../Drivers/CMSIS/Device/ST/STM32F0xx/Include -I../Drivers/CMSIS/Include -O0 -ffunction-sections -fdata-sections -Wall -fstack-usage -fcyclomatic-complexity -MMD -MP -MF"Core/Src/main.d" -MT"Core/Src/main.o" --specs=nano.specs -mfloat-abi=soft -mthumb -o "Core/Src/main.o"
../Core/Src/main.c: In function 'hodiny':
../Core/Src/main.c:34:14: error: expected expression before '=' token
   34 | #define STEP = 100
      |              ^
../Core/Src/main.c:66:28: note: in expansion of macro 'STEP'
   66 |         if (Tick > delay + STEP) {
      |                            ^~~~
make: *** [Core/Src/subdir.mk:37: Core/Src/main.o] Error 1
"make -j4 all" terminated with exit code 2. Build might be incomplete.
09:47:06 **** Incremental Build of configuration Debug for project skouska1 ****
make -j4 all 
arm-none-eabi-gcc "../Core/Src/main.c" -mcpu=cortex-m0 -std=gnu11 -g3 -DDEBUG -DUSE_HAL_DRIVER -DSTM32F030x8 -c -I../Core/Inc -I../Drivers/STM32F0xx_HAL_Driver/Inc -I../Drivers/STM32F0xx_HAL_Driver/Inc/Legacy -I../Drivers/CMSIS/Device/ST/STM32F0xx/Include -I../Drivers/CMSIS/Include -O0 -ffunction-sections -fdata-sections -Wall -fstack-usage -fcyclomatic-complexity -MMD -MP -MF"Core/Src/main.d" -MT"Core/Src/main.o" --specs=nano.specs -mfloat-abi=soft -mthumb -o "Core/Src/main.o"
../Core/Src/main.c: In function 'hodiny':
../Core/Src/main.c:34:14: error: expected expression before '=' token
   34 | #define STEP = 100
      |              ^
../Core/Src/main.c:67:28: note: in expansion of macro 'STEP'
   67 |         if (Tick > delay + STEP) {
      |                            ^~~~
make: *** [Core/Src/subdir.mk:37: Core/Src/main.o] Error 1
"make -j4 all" terminated with exit code 2. Build might be incomplete.
09:47:15 **** Incremental Build of configuration Debug for project skouska1 ****
make -j4 all 
arm-none-eabi-gcc "../Core/Src/main.c" -mcpu=cortex-m0 -std=gnu11 -g3 -DDEBUG -DUSE_HAL_DRIVER -DSTM32F030x8 -c -I../Core/Inc -I../Drivers/STM32F0xx_HAL_Driver/Inc -I../Drivers/STM32F0xx_HAL_Driver/Inc/Legacy -I../Drivers/CMSIS/Device/ST/STM32F0xx/Include -I../Drivers/CMSIS/Include -O0 -ffunction-sections -fdata-sections -Wall -fstack-usage -fcyclomatic-complexity -MMD -MP -MF"Core/Src/main.d" -MT"Core/Src/main.o" --specs=nano.specs -mfloat-abi=soft -mthumb -o "Core/Src/main.o"
arm-none-eabi-gcc -o "skouska1.elf" @"objects.list"   -mcpu=cortex-m0 -T"C:\Users\xspani02\Documents\MKS2023\skouska1\STM32F030R8TX_FLASH.ld" --specs=nosys.specs -Wl,-Map="skouska1.map" -Wl,--gc-sections -static --specs=nano.specs -mfloat-abi=soft -mthumb -Wl,--start-group -lc -lm -Wl,--end-group
Finished building target: skouska1.elf
 
arm-none-eabi-size   skouska1.elf 
arm-none-eabi-objdump -h -S  skouska1.elf  > "skouska1.list"
   text	   data	    bss	    dec	    hex	filename
   7504	     20	   1716	   9240	   2418	skouska1.elf
Finished building: default.size.stdout
 
Finished building: skouska1.list
 
