15:55:39 **** Incremental Build of configuration Debug for project lpcxpresso55s69_led_blinky ****
make -r -j4 all 
make[1]: Nothing to be done for 'main-build'.
Performing post-build steps
arm-none-eabi-size "lpcxpresso55s69_led_blinky.axf"; # arm-none-eabi-objcopy -v -O binary "lpcxpresso55s69_led_blinky.axf" "lpcxpresso55s69_led_blinky.bin" ; # checksum -p LPC55S69 -d "lpcxpresso55s69_led_blinky.bin";
   text	   data	    bss	    dec	    hex	filename
   5384	      4	   8460	  13848	   3618	lpcxpresso55s69_led_blinky.axf
 

15:55:40 Build Finished. 0 errors, 0 warnings. (took 319ms)

