10:42:14 **** Incremental Build of configuration Debug for project skouska1 ****
make -j4 all 
arm-none-eabi-gcc "../Core/Src/main.c" -mcpu=cortex-m0 -std=gnu11 -g3 -DDEBUG -DUSE_HAL_DRIVER -DSTM32F030x8 -c -I../Core/Inc -I../Drivers/STM32F0xx_HAL_Driver/Inc -I../Drivers/STM32F0xx_HAL_Driver/Inc/Legacy -I../Drivers/CMSIS/Device/ST/STM32F0xx/Include -I../Drivers/CMSIS/Include -O0 -ffunction-sections -fdata-sections -Wall -fstack-usage -fcyclomatic-complexity -MMD -MP -MF"Core/Src/main.d" -MT"Core/Src/main.o" --specs=nano.specs -mfloat-abi=soft -mthumb -o "Core/Src/main.o"
arm-none-eabi-gcc -o "skouska1.elf" @"objects.list"   -mcpu=cortex-m0 -T"C:\Users\xspani02\Documents\MKS2023\skouska1\STM32F030R8TX_FLASH.ld" --specs=nosys.specs -Wl,-Map="skouska1.map" -Wl,--gc-sections -static --specs=nano.specs -mfloat-abi=soft -mthumb -Wl,--start-group -lc -lm -Wl,--end-group
Finished building target: skouska1.elf
 
arm-none-eabi-size   skouska1.elf 
arm-none-eabi-objdump -h -S  skouska1.elf  > "skouska1.list"
   text	   data	    bss	    dec	    hex	filename
   7660	     20	   1724	   9404	   24bc	skouska1.elf
Finished building: default.size.stdout
 
Finished building: skouska1.list
 

10:42:15 Build Finished. 0 errors, 0 warnings. (took 818ms)

